Component: ARM Compiler 5.06 update 3 (build 300) Tool: armlink [4d35c9]

==============================================================================

Section Cross References

    system_stm32f4xx.o(i.SystemCoreClockUpdate) refers to system_stm32f4xx.o(.data) for .data
    system_stm32f4xx.o(i.SystemCoreClockUpdate) refers to system_stm32f4xx.o(.constdata) for .constdata
    usbd_desc.o(i.USBD_FS_ConfigStrDescriptor) refers to usbd_ctlreq.o(i.USBD_GetString) for USBD_GetString
    usbd_desc.o(i.USBD_FS_ConfigStrDescriptor) refers to usbd_desc.o(.bss) for .bss
    usbd_desc.o(i.USBD_FS_DeviceDescriptor) refers to usbd_desc.o(.data) for .data
    usbd_desc.o(i.USBD_FS_InterfaceStrDescriptor) refers to usbd_ctlreq.o(i.USBD_GetString) for USBD_GetString
    usbd_desc.o(i.USBD_FS_InterfaceStrDescriptor) refers to usbd_desc.o(.bss) for .bss
    usbd_desc.o(i.USBD_FS_LangIDStrDescriptor) refers to usbd_desc.o(.data) for .data
    usbd_desc.o(i.USBD_FS_ManufacturerStrDescriptor) refers to usbd_ctlreq.o(i.USBD_GetString) for USBD_GetString
    usbd_desc.o(i.USBD_FS_ManufacturerStrDescriptor) refers to usbd_desc.o(.bss) for .bss
    usbd_desc.o(i.USBD_FS_ProductStrDescriptor) refers to usbd_ctlreq.o(i.USBD_GetString) for USBD_GetString
    usbd_desc.o(i.USBD_FS_ProductStrDescriptor) refers to usbd_desc.o(.bss) for .bss
    usbd_desc.o(i.USBD_FS_SerialStrDescriptor) refers to usbd_ctlreq.o(i.USBD_GetString) for USBD_GetString
    usbd_desc.o(i.USBD_FS_SerialStrDescriptor) refers to usbd_desc.o(.bss) for .bss
    usbd_desc.o(.data) refers to usbd_desc.o(i.USBD_FS_DeviceDescriptor) for USBD_FS_DeviceDescriptor
    usbd_desc.o(.data) refers to usbd_desc.o(i.USBD_FS_LangIDStrDescriptor) for USBD_FS_LangIDStrDescriptor
    usbd_desc.o(.data) refers to usbd_desc.o(i.USBD_FS_ManufacturerStrDescriptor) for USBD_FS_ManufacturerStrDescriptor
    usbd_desc.o(.data) refers to usbd_desc.o(i.USBD_FS_ProductStrDescriptor) for USBD_FS_ProductStrDescriptor
    usbd_desc.o(.data) refers to usbd_desc.o(i.USBD_FS_SerialStrDescriptor) for USBD_FS_SerialStrDescriptor
    usbd_desc.o(.data) refers to usbd_desc.o(i.USBD_FS_ConfigStrDescriptor) for USBD_FS_ConfigStrDescriptor
    usbd_desc.o(.data) refers to usbd_desc.o(i.USBD_FS_InterfaceStrDescriptor) for USBD_FS_InterfaceStrDescriptor
    stm32f4xx_it.o(i.DMA2_Stream0_IRQHandler) refers to stm32f4xx_hal_dma.o(i.HAL_DMA_IRQHandler) for HAL_DMA_IRQHandler
    stm32f4xx_it.o(i.DMA2_Stream0_IRQHandler) refers to main.o(.bss) for hdma_adc1
    stm32f4xx_it.o(i.OTG_FS_IRQHandler) refers to stm32f4xx_hal_pcd.o(i.HAL_PCD_IRQHandler) for HAL_PCD_IRQHandler
    stm32f4xx_it.o(i.OTG_FS_IRQHandler) refers to usbd_conf.o(.bss) for hpcd_USB_OTG_FS
    stm32f4xx_it.o(i.SysTick_Handler) refers to simcon.o(i.simCon_sysTickHandler) for simCon_sysTickHandler
    stm32f4xx_it.o(i.SysTick_Handler) refers to stm32f4xx_hal.o(i.HAL_IncTick) for HAL_IncTick
    stm32f4xx_it.o(i.SysTick_Handler) refers to stm32f4xx_hal_cortex.o(i.HAL_SYSTICK_IRQHandler) for HAL_SYSTICK_IRQHandler
    usbd_custom_hid_if.o(i.CUSTOM_HID_OutEvent_FS) refers to simcon.o(i.simCon_readFromHost) for simCon_readFromHost
    usbd_custom_hid_if.o(.data) refers to usbd_custom_hid_if.o(.data) for CUSTOM_HID_ReportDesc_FS
    usbd_custom_hid_if.o(.data) refers to usbd_custom_hid_if.o(i.CUSTOM_HID_Init_FS) for CUSTOM_HID_Init_FS
    usbd_custom_hid_if.o(.data) refers to usbd_custom_hid_if.o(i.CUSTOM_HID_DeInit_FS) for CUSTOM_HID_DeInit_FS
    usbd_custom_hid_if.o(.data) refers to usbd_custom_hid_if.o(i.CUSTOM_HID_OutEvent_FS) for CUSTOM_HID_OutEvent_FS
    stm32f4xx_hal_msp.o(i.HAL_ADC_MspDeInit) refers to stm32f4xx_hal_gpio.o(i.HAL_GPIO_DeInit) for HAL_GPIO_DeInit
    stm32f4xx_hal_msp.o(i.HAL_ADC_MspDeInit) refers to stm32f4xx_hal_dma.o(i.HAL_DMA_DeInit) for HAL_DMA_DeInit
    stm32f4xx_hal_msp.o(i.HAL_ADC_MspInit) refers to stm32f4xx_hal_gpio.o(i.HAL_GPIO_Init) for HAL_GPIO_Init
    stm32f4xx_hal_msp.o(i.HAL_ADC_MspInit) refers to stm32f4xx_hal_dma.o(i.HAL_DMA_Init) for HAL_DMA_Init
    stm32f4xx_hal_msp.o(i.HAL_ADC_MspInit) refers to main.o(i.Error_Handler) for Error_Handler
    stm32f4xx_hal_msp.o(i.HAL_ADC_MspInit) refers to main.o(.bss) for hdma_adc1
    stm32f4xx_hal_msp.o(i.HAL_I2C_MspDeInit) refers to stm32f4xx_hal_gpio.o(i.HAL_GPIO_DeInit) for HAL_GPIO_DeInit
    stm32f4xx_hal_msp.o(i.HAL_I2C_MspInit) refers to stm32f4xx_hal_gpio.o(i.HAL_GPIO_Init) for HAL_GPIO_Init
    stm32f4xx_hal_msp.o(i.HAL_MspInit) refers to stm32f4xx_hal_cortex.o(i.HAL_NVIC_SetPriorityGrouping) for HAL_NVIC_SetPriorityGrouping
    stm32f4xx_hal_msp.o(i.HAL_MspInit) refers to stm32f4xx_hal_cortex.o(i.HAL_NVIC_SetPriority) for HAL_NVIC_SetPriority
    stm32f4xx_hal_msp.o(i.HAL_SPI_MspDeInit) refers to stm32f4xx_hal_gpio.o(i.HAL_GPIO_DeInit) for HAL_GPIO_DeInit
    stm32f4xx_hal_msp.o(i.HAL_SPI_MspInit) refers to stm32f4xx_hal_gpio.o(i.HAL_GPIO_Init) for HAL_GPIO_Init
[...]
    i.HAL_RCC_GetPCLK1Freq                   0x08002108   Section        0  stm32f4xx_hal_rcc.o(i.HAL_RCC_GetPCLK1Freq)
    i.HAL_RCC_GetSysClockFreq                0x08002138   Section        0  stm32f4xx_hal_rcc.o(i.HAL_RCC_GetSysClockFreq)
    i.HAL_RCC_OscConfig                      0x080021a8   Section        0  stm32f4xx_hal_rcc.o(i.HAL_RCC_OscConfig)
    i.HAL_SPI_Init                           0x0800248c   Section        0  stm32f4xx_hal_spi.o(i.HAL_SPI_Init)
    i.HAL_SPI_MspInit                        0x0800250c   Section        0  stm32f4xx_hal_msp.o(i.HAL_SPI_MspInit)
    i.HAL_SYSTICK_CLKSourceConfig            0x08002590   Section        0  stm32f4xx_hal_cortex.o(i.HAL_SYSTICK_CLKSourceConfig)
    i.HAL_SYSTICK_Callback                   0x080025a8   Section        0  stm32f4xx_hal_cortex.o(i.HAL_SYSTICK_Callback)
    i.HAL_SYSTICK_Config                     0x080025aa   Section        0  stm32f4xx_hal_cortex.o(i.HAL_SYSTICK_Config)
    i.HAL_SYSTICK_IRQHandler                 0x080025d2   Section        0  stm32f4xx_hal_cortex.o(i.HAL_SYSTICK_IRQHandler)
    i.HAL_TIMEx_MasterConfigSynchronization  0x080025da   Section        0  stm32f4xx_hal_tim_ex.o(i.HAL_TIMEx_MasterConfigSynchronization)
    i.HAL_TIM_Base_Init                      0x0800262a   Section        0  stm32f4xx_hal_tim.o(i.HAL_TIM_Base_Init)
    i.HAL_TIM_Base_MspInit                   0x08002660   Section        0  stm32f4xx_hal_msp.o(i.HAL_TIM_Base_MspInit)
    i.HAL_TIM_ConfigClockSource              0x080026a0   Section        0  stm32f4xx_hal_tim.o(i.HAL_TIM_ConfigClockSource)
    i.HAL_TIM_MspPostInit                    0x08002794   Section        0  stm32f4xx_hal_msp.o(i.HAL_TIM_MspPostInit)
    i.HAL_TIM_OC_ConfigChannel               0x080027fc   Section        0  stm32f4xx_hal_tim.o(i.HAL_TIM_OC_ConfigChannel)
    i.HAL_TIM_OC_Init                        0x08002852   Section        0  stm32f4xx_hal_tim.o(i.HAL_TIM_OC_Init)
    i.HAL_TIM_OC_MspInit                     0x08002888   Section        0  stm32f4xx_hal_tim.o(i.HAL_TIM_OC_MspInit)
    i.HAL_TIM_PWM_ConfigChannel              0x0800288a   Section        0  stm32f4xx_hal_tim.o(i.HAL_TIM_PWM_ConfigChannel)
    i.HAL_TIM_PWM_Init                       0x0800295a   Section        0  stm32f4xx_hal_tim.o(i.HAL_TIM_PWM_Init)
    i.HAL_TIM_PWM_MspInit                    0x08002990   Section        0  stm32f4xx_hal_tim.o(i.HAL_TIM_PWM_MspInit)
    i.HardFault_Handler                      0x08002992   Section        0  stm32f4xx_it.o(i.HardFault_Handler)
    i.MX_ADC1_Init                           0x08002994   Section        0  main.o(i.MX_ADC1_Init)
    MX_ADC1_Init                             0x08002995   Thumb Code   194  main.o(i.MX_ADC1_Init)
    i.MX_GPIO_Init                           0x08002a60   Section        0  main.o(i.MX_GPIO_Init)
    MX_GPIO_Init                             0x08002a61   Thumb Code   190  main.o(i.MX_GPIO_Init)
    i.MX_SPI1_Init                           0x08002b38   Section        0  main.o(i.MX_SPI1_Init)
    MX_SPI1_Init                             0x08002b39   Thumb Code    54  main.o(i.MX_SPI1_Init)
    i.MX_SPI3_Init                           0x08002b78   Section        0  main.o(i.MX_SPI3_Init)
    MX_SPI3_Init                             0x08002b79   Thumb Code    54  main.o(i.MX_SPI3_Init)
    i.MX_TIM3_Init                           0x08002bb8   Section        0  main.o(i.MX_TIM3_Init)
    MX_TIM3_Init                             0x08002bb9   Thumb Code   148  main.o(i.MX_TIM3_Init)
    i.MX_TIM4_Init                           0x08002c54   Section        0  main.o(i.MX_TIM4_Init)
    MX_TIM4_Init                             0x08002c55   Thumb Code   162  main.o(i.MX_TIM4_Init)
    i.MX_USB_DEVICE_Init                     0x08002d00   Section        0  usb_device.o(i.MX_USB_DEVICE_Init)
    i.MemManage_Handler                      0x08002d38   Section        0  stm32f4xx_it.o(i.MemManage_Handler)
    i.NMI_Handler                            0x08002d3a   Section        0  stm32f4xx_it.o(i.NMI_Handler)
    i.NVIC_SetPriority                       0x08002d3c   Section        0  stm32f4xx_hal_cortex.o(i.NVIC_SetPriority)
    NVIC_SetPriority                         0x08002d3d   Thumb Code    32  stm32f4xx_hal_cortex.o(i.NVIC_SetPriority)
    i.OTG_FS_IRQHandler                      0x08002d5c   Section        0  stm32f4xx_it.o(i.OTG_FS_IRQHandler)
    i.PCD_WriteEmptyTxFifo                   0x08002d68   Section        0  stm32f4xx_hal_pcd.o(i.PCD_WriteEmptyTxFifo)
    PCD_WriteEmptyTxFifo                     0x08002d69   Thumb Code   136  stm32f4xx_hal_pcd.o(i.PCD_WriteEmptyTxFifo)
    i.PendSV_Handler                         0x08002df0   Section        0  stm32f4xx_it.o(i.PendSV_Handler)
    i.SVC_Handler                            0x08002df2   Section        0  stm32f4xx_it.o(i.SVC_Handler)
    i.SysTick_Handler                        0x08002df4   Section        0  stm32f4xx_it.o(i.SysTick_Handler)
    i.SystemClock_Config                     0x08002e08   Section        0  main.o(i.SystemClock_Config)
    i.SystemInit                             0x08002ea8   Section        0  system_stm32f4xx.o(i.SystemInit)
    i.TIM_Base_SetConfig                     0x08002efc   Section        0  stm32f4xx_hal_tim.o(i.TIM_Base_SetConfig)
    i.TIM_ETR_SetConfig                      0x08002fbc   Section        0  stm32f4xx_hal_tim.o(i.TIM_ETR_SetConfig)
    TIM_ETR_SetConfig                        0x08002fbd   Thumb Code    20  stm32f4xx_hal_tim.o(i.TIM_ETR_SetConfig)
    i.TIM_ITRx_SetConfig                     0x08002fd0   Section        0  stm32f4xx_hal_tim.o(i.TIM_ITRx_SetConfig)
    TIM_ITRx_SetConfig                       0x08002fd1   Thumb Code    16  stm32f4xx_hal_tim.o(i.TIM_ITRx_SetConfig)
    i.TIM_OC1_SetConfig                      0x08002fe0   Section        0  stm32f4xx_hal_tim.o(i.TIM_OC1_SetConfig)
    TIM_OC1_SetConfig                        0x08002fe1   Thumb Code    80  stm32f4xx_hal_tim.o(i.TIM_OC1_SetConfig)
    i.TIM_OC2_SetConfig                      0x08003038   Section        0  stm32f4xx_hal_tim.o(i.TIM_OC2_SetConfig)
    i.TIM_OC3_SetConfig                      0x0800309c   Section        0  stm32f4xx_hal_tim.o(i.TIM_OC3_SetConfig)
    TIM_OC3_SetConfig                        0x0800309d   Thumb Code    88  stm32f4xx_hal_tim.o(i.TIM_OC3_SetConfig)
    i.TIM_OC4_SetConfig                      0x080030fc   Section        0  stm32f4xx_hal_tim.o(i.TIM_OC4_SetConfig)
    TIM_OC4_SetConfig                        0x080030fd   Thumb Code    70  stm32f4xx_hal_tim.o(i.TIM_OC4_SetConfig)
    i.TIM_TI1_ConfigInputStage               0x0800314c   Section        0  stm32f4xx_hal_tim.o(i.TIM_TI1_ConfigInputStage)
    TIM_TI1_ConfigInputStage                 0x0800314d   Thumb Code    34  stm32f4xx_hal_tim.o(i.TIM_TI1_ConfigInputStage)
    i.TIM_TI2_ConfigInputStage               0x0800316e   Section        0  stm32f4xx_hal_tim.o(i.TIM_TI2_ConfigInputStage)
    TIM_TI2_ConfigInputStage                 0x0800316f   Thumb Code    36  stm32f4xx_hal_tim.o(i.TIM_TI2_ConfigInputStage)
    i.USBD_CUSTOM_HID_DataIn                 0x08003192   Section        0  usbd_customhid.o(i.USBD_CUSTOM_HID_DataIn)
    USBD_CUSTOM_HID_DataIn                   0x08003193   Thumb Code    12  usbd_customhid.o(i.USBD_CUSTOM_HID_DataIn)
    i.USBD_CUSTOM_HID_DataOut                0x0800319e   Section        0  usbd_customhid.o(i.USBD_CUSTOM_HID_DataOut)
    USBD_CUSTOM_HID_DataOut                  0x0800319f   Thumb Code    36  usbd_customhid.o(i.USBD_CUSTOM_HID_DataOut)
    i.USBD_CUSTOM_HID_DeInit                 0x080031c2   Section        0  usbd_customhid.o(i.USBD_CUSTOM_HID_DeInit)
    USBD_CUSTOM_HID_DeInit                   0x080031c3   Thumb Code    50  usbd_customhid.o(i.USBD_CUSTOM_HID_DeInit)
    i.USBD_CUSTOM_HID_EP0_RxReady            0x080031f4   Section        0  usbd_customhid.o(i.USBD_CUSTOM_HID_EP0_RxReady)
    USBD_CUSTOM_HID_EP0_RxReady              0x080031f5   Thumb Code    34  usbd_customhid.o(i.USBD_CUSTOM_HID_EP0_RxReady)
    i.USBD_CUSTOM_HID_GetCfgDesc             0x08003218   Section        0  usbd_customhid.o(i.USBD_CUSTOM_HID_GetCfgDesc)
    USBD_CUSTOM_HID_GetCfgDesc               0x08003219   Thumb Code     8  usbd_customhid.o(i.USBD_CUSTOM_HID_GetCfgDesc)
    i.USBD_CUSTOM_HID_GetDeviceQualifierDesc 0x08003224   Section        0  usbd_customhid.o(i.USBD_CUSTOM_HID_GetDeviceQualifierDesc)
    USBD_CUSTOM_HID_GetDeviceQualifierDesc   0x08003225   Thumb Code     8  usbd_customhid.o(i.USBD_CUSTOM_HID_GetDeviceQualifierDesc)
    i.USBD_CUSTOM_HID_Init                   0x08003230   Section        0  usbd_customhid.o(i.USBD_CUSTOM_HID_Init)
    USBD_CUSTOM_HID_Init                     0x08003231   Thumb Code    74  usbd_customhid.o(i.USBD_CUSTOM_HID_Init)
    i.USBD_CUSTOM_HID_RegisterInterface      0x0800327a   Section        0  usbd_customhid.o(i.USBD_CUSTOM_HID_RegisterInterface)
    i.USBD_CUSTOM_HID_SendReport             0x0800328a   Section        0  usbd_customhid.o(i.USBD_CUSTOM_HID_SendReport)
    i.USBD_CUSTOM_HID_Setup                  0x080032b0   Section        0  usbd_customhid.o(i.USBD_CUSTOM_HID_Setup)
    USBD_CUSTOM_HID_Setup                    0x080032b1   Thumb Code   178  usbd_customhid.o(i.USBD_CUSTOM_HID_Setup)
    i.USBD_ClrClassConfig                    0x08003368   Section        0  usbd_core.o(i.USBD_ClrClassConfig)
    i.USBD_CtlContinueRx                     0x08003376   Section        0  usbd_ioreq.o(i.USBD_CtlContinueRx)
    i.USBD_CtlContinueSendData               0x08003386   Section        0  usbd_ioreq.o(i.USBD_CtlContinueSendData)
    i.USBD_CtlError                          0x08003396   Section        0  usbd_ctlreq.o(i.USBD_CtlError)
    i.USBD_CtlPrepareRx                      0x080033ac   Section        0  usbd_ioreq.o(i.USBD_CtlPrepareRx)
    i.USBD_CtlReceiveStatus                  0x080033ca   Section        0  usbd_ioreq.o(i.USBD_CtlReceiveStatus)
    i.USBD_CtlSendData                       0x080033e0   Section        0  usbd_ioreq.o(i.USBD_CtlSendData)
    i.USBD_CtlSendStatus                     0x080033fa   Section        0  usbd_ioreq.o(i.USBD_CtlSendStatus)
    i.USBD_FS_ConfigStrDescriptor            0x08003410   Section        0  usbd_desc.o(i.USBD_FS_ConfigStrDescriptor)
    i.USBD_FS_DeviceDescriptor               0x08003438   Section        0  usbd_desc.o(i.USBD_FS_DeviceDescriptor)
    i.USBD_FS_InterfaceStrDescriptor         0x08003444   Section        0  usbd_desc.o(i.USBD_FS_InterfaceStrDescriptor)
    i.USBD_FS_LangIDStrDescriptor            0x08003470   Section        0  usbd_desc.o(i.USBD_FS_LangIDStrDescriptor)
    i.USBD_FS_ManufacturerStrDescriptor      0x0800347c   Section        0  usbd_desc.o(i.USBD_FS_ManufacturerStrDescriptor)
    i.USBD_FS_ProductStrDescriptor           0x080034a4   Section        0  usbd_desc.o(i.USBD_FS_ProductStrDescriptor)
    i.USBD_FS_SerialStrDescriptor            0x080034cc   Section        0  usbd_desc.o(i.USBD_FS_SerialStrDescriptor)
    i.USBD_GetDescriptor                     0x080034f0   Section        0  usbd_ctlreq.o(i.USBD_GetDescriptor)
    USBD_GetDescriptor                       0x080034f1   Thumb Code   242  usbd_ctlreq.o(i.USBD_GetDescriptor)
    i.USBD_GetString                         0x080035e2   Section        0  usbd_ctlreq.o(i.USBD_GetString)
    i.USBD_Init                              0x08003628   Section        0  usbd_core.o(i.USBD_Init)
    i.USBD_LL_ClearStallEP                   0x08003652   Section        0  usbd_conf.o(i.USBD_LL_ClearStallEP)
    i.USBD_LL_CloseEP                        0x08003660   Section        0  usbd_conf.o(i.USBD_LL_CloseEP)
    i.USBD_LL_DataInStage                    0x0800366e   Section        0  usbd_core.o(i.USBD_LL_DataInStage)
    i.USBD_LL_DataOutStage                   0x08003718   Section        0  usbd_core.o(i.USBD_LL_DataOutStage)
    i.USBD_LL_DevConnected                   0x08003782   Section        0  usbd_core.o(i.USBD_LL_DevConnected)
    i.USBD_LL_DevDisconnected                0x08003786   Section        0  usbd_core.o(i.USBD_LL_DevDisconnected)
    i.USBD_LL_Init                           0x0800379c   Section        0  usbd_conf.o(i.USBD_LL_Init)
    i.USBD_LL_IsStallEP                      0x080037fc   Section        0  usbd_conf.o(i.USBD_LL_IsStallEP)
    i.USBD_LL_IsoINIncomplete                0x0800381c   Section        0  usbd_core.o(i.USBD_LL_IsoINIncomplete)
    i.USBD_LL_IsoOUTIncomplete               0x08003820   Section        0  usbd_core.o(i.USBD_LL_IsoOUTIncomplete)
    i.USBD_LL_OpenEP                         0x08003824   Section        0  usbd_conf.o(i.USBD_LL_OpenEP)
    i.USBD_LL_PrepareReceive                 0x08003838   Section        0  usbd_conf.o(i.USBD_LL_PrepareReceive)
    i.USBD_LL_Reset                          0x08003846   Section        0  usbd_core.o(i.USBD_LL_Reset)
    i.USBD_LL_Resume                         0x08003884   Section        0  usbd_core.o(i.USBD_LL_Resume)
    i.USBD_LL_SOF                            0x08003890   Section        0  usbd_core.o(i.USBD_LL_SOF)
    i.USBD_LL_SetSpeed                       0x080038a8   Section        0  usbd_core.o(i.USBD_LL_SetSpeed)
    i.USBD_LL_SetUSBAddress                  0x080038ae   Section        0  usbd_conf.o(i.USBD_LL_SetUSBAddress)
    i.USBD_LL_SetupStage                     0x080038bc   Section        0  usbd_core.o(i.USBD_LL_SetupStage)
    i.USBD_LL_StallEP                        0x08003916   Section        0  usbd_conf.o(i.USBD_LL_StallEP)
    i.USBD_LL_Start                          0x08003924   Section        0  usbd_conf.o(i.USBD_LL_Start)
    i.USBD_LL_Suspend                        0x08003932   Section        0  usbd_core.o(i.USBD_LL_Suspend)
    i.USBD_LL_Transmit                       0x08003944   Section        0  usbd_conf.o(i.USBD_LL_Transmit)
    i.USBD_ParseSetupRequest                 0x08003952   Section        0  usbd_ctlreq.o(i.USBD_ParseSetupRequest)
    i.USBD_RegisterClass                     0x0800397a   Section        0  usbd_core.o(i.USBD_RegisterClass)
    i.USBD_SetClassConfig                    0x0800398a   Section        0  usbd_core.o(i.USBD_SetClassConfig)
    i.USBD_SetConfig                         0x080039a0   Section        0  usbd_ctlreq.o(i.USBD_SetConfig)
    USBD_SetConfig                           0x080039a1   Thumb Code   110  usbd_ctlreq.o(i.USBD_SetConfig)
    i.USBD_Start                             0x08003a14   Section        0  usbd_core.o(i.USBD_Start)
    i.USBD_StdDevReq                         0x08003a1e   Section        0  usbd_ctlreq.o(i.USBD_StdDevReq)
    i.USBD_StdEPReq                          0x08003b10   Section        0  usbd_ctlreq.o(i.USBD_StdEPReq)
    i.USBD_StdItfReq                         0x08003bec   Section        0  usbd_ctlreq.o(i.USBD_StdItfReq)
    i.USB_ActivateEndpoint                   0x08003c20   Section        0  stm32f4xx_ll_usb.o(i.USB_ActivateEndpoint)
    i.USB_ActivateSetup                      0x08003ca0   Section        0  stm32f4xx_ll_usb.o(i.USB_ActivateSetup)
    i.USB_CoreInit                           0x08003cd4   Section        0  stm32f4xx_ll_usb.o(i.USB_CoreInit)
    i.USB_CoreReset                          0x08003d38   Section        0  stm32f4xx_ll_usb.o(i.USB_CoreReset)
    USB_CoreReset                            0x08003d39   Thumb Code    50  stm32f4xx_ll_usb.o(i.USB_CoreReset)
    i.USB_DeactivateEndpoint                 0x08003d70   Section        0  stm32f4xx_ll_usb.o(i.USB_DeactivateEndpoint)
    i.USB_DevConnect                         0x08003dde   Section        0  stm32f4xx_ll_usb.o(i.USB_DevConnect)
    i.USB_DevDisconnect                      0x08003df6   Section        0  stm32f4xx_ll_usb.o(i.USB_DevDisconnect)
    i.USB_DevInit                            0x08003e10   Section        0  stm32f4xx_ll_usb.o(i.USB_DevInit)
    i.USB_DisableGlobalInt                   0x08003f54   Section        0  stm32f4xx_ll_usb.o(i.USB_DisableGlobalInt)
    i.USB_EP0StartXfer                       0x08003f60   Section        0  stm32f4xx_ll_usb.o(i.USB_EP0StartXfer)
    i.USB_EP0_OutStart                       0x080040a0   Section        0  stm32f4xx_ll_usb.o(i.USB_EP0_OutStart)
    i.USB_EPClearStall                       0x080040de   Section        0  stm32f4xx_ll_usb.o(i.USB_EPClearStall)
    i.USB_EPSetStall                         0x08004142   Section        0  stm32f4xx_ll_usb.o(i.USB_EPSetStall)
    i.USB_EPStartXfer                        0x080041a0   Section        0  stm32f4xx_ll_usb.o(i.USB_EPStartXfer)
    i.USB_EnableGlobalInt                    0x080043bc   Section        0  stm32f4xx_ll_usb.o(i.USB_EnableGlobalInt)
    i.USB_FlushRxFifo                        0x080043c8   Section        0  stm32f4xx_ll_usb.o(i.USB_FlushRxFifo)
    i.USB_FlushTxFifo                        0x080043e8   Section        0  stm32f4xx_ll_usb.o(i.USB_FlushTxFifo)
    i.USB_GetDevSpeed                        0x0800440c   Section        0  stm32f4xx_ll_usb.o(i.USB_GetDevSpeed)
    i.USB_GetMode                            0x08004448   Section        0  stm32f4xx_ll_usb.o(i.USB_GetMode)
    i.USB_ReadDevAllInEpInterrupt            0x08004450   Section        0  stm32f4xx_ll_usb.o(i.USB_ReadDevAllInEpInterrupt)
    i.USB_ReadDevAllOutEpInterrupt           0x0800445e   Section        0  stm32f4xx_ll_usb.o(i.USB_ReadDevAllOutEpInterrupt)
    i.USB_ReadDevInEPInterrupt               0x0800446c   Section        0  stm32f4xx_ll_usb.o(i.USB_ReadDevInEPInterrupt)
    i.USB_ReadDevOutEPInterrupt              0x0800448a   Section        0  stm32f4xx_ll_usb.o(i.USB_ReadDevOutEPInterrupt)
    i.USB_ReadInterrupts                     0x0800449a   Section        0  stm32f4xx_ll_usb.o(i.USB_ReadInterrupts)
    i.USB_ReadPacket                         0x080044a2   Section        0  stm32f4xx_ll_usb.o(i.USB_ReadPacket)
    i.USB_SetCurrentMode                     0x080044c2   Section        0  stm32f4xx_ll_usb.o(i.USB_SetCurrentMode)
    i.USB_SetDevAddress                      0x080044ee   Section        0  stm32f4xx_ll_usb.o(i.USB_SetDevAddress)
    i.USB_WritePacket                        0x08004510   Section        0  stm32f4xx_ll_usb.o(i.USB_WritePacket)
    i.UsageFault_Handler                     0x08004538   Section        0  stm32f4xx_it.o(i.UsageFault_Handler)
    i.__scatterload_copy                     0x0800453a   Section       14  handlers.o(i.__scatterload_copy)
    i.__scatterload_null                     0x08004548   Section        2  handlers.o(i.__scatterload_null)
    i.__scatterload_zeroinit                 0x0800454a   Section       14  handlers.o(i.__scatterload_zeroinit)
    i.free                                   0x08004558   Section        0  malloc.o(i.free)
    i.main                                   0x080045a8   Section        0  main.o(i.main)
    i.malloc                                 0x08004650   Section        0  malloc.o(i.malloc)
    i.simCon_axesToReport                    0x080046bc   Section        0  simcon.o(i.simCon_axesToReport)
    i.simCon_button                          0x080046f0   Section        0  simcon.o(i.simCon_button)
    i.simCon_calculateAxes                   0x08004714   Section        0  simcon.o(i.simCon_calculateAxes)
    i.simCon_diagnosticToReport              0x08004988   Section        0  simcon.o(i.simCon_diagnosticToReport)
    i.simCon_flashRead                       0x080049fc   Section        0  simcon.o(i.simCon_flashRead)
    i.simCon_flashSave                       0x08004ac0   Section        0  simcon.o(i.simCon_flashSave)
    i.simCon_init                            0x08004bbc   Section        0  simcon.o(i.simCon_init)
    i.simCon_loadDefaults                    0x08004be4   Section        0  simcon.o(i.simCon_loadDefaults)
    i.simCon_otherToReport                   0x08004c4c   Section        0  simcon.o(i.simCon_otherToReport)
    i.simCon_readButtons                     0x08004c6c   Section        0  simcon.o(i.simCon_readButtons)
    i.simCon_readFromHost                    0x08004c90   Section        0  simcon.o(i.simCon_readFromHost)
    i.simCon_sysTickHandler                  0x08004d78   Section        0  simcon.o(i.simCon_sysTickHandler)
    i.simCon_writeFiveBytes                  0x08004dc8   Section        0  simcon.o(i.simCon_writeFiveBytes)
    .constdata                               0x08004df4   Section       16  stm32f4xx_hal_rcc.o(.constdata)
    .constdata                               0x08004e04   Section        8  stm32f4xx_hal_dma.o(.constdata)
    flagBitshiftOffset                       0x08004e04   Data           8  stm32f4xx_hal_dma.o(.constdata)
    .data                                    0x20000000   Section        4  system_stm32f4xx.o(.data)
    .data                                    0x20000004   Section       28  usbd_desc.o(.data)
    .data                                    0x20000020   Section       22  usbd_desc.o(.data)
    .data                                    0x20000038   Section       86  usbd_custom_hid_if.o(.data)
    CUSTOM_HID_ReportDesc_FS                 0x20000038   Data          86  usbd_custom_hid_if.o(.data)
    .data                                    0x20000090   Section       16  usbd_custom_hid_if.o(.data)
    .data                                    0x200000a0   Section       13  simcon.o(.data)
    idDiagnostic                             0x200000a0   Data           1  simcon.o(.data)
    tick                                     0x200000a1   Data           1  simcon.o(.data)
    buttons                                  0x200000a4   Data           4  simcon.o(.data)
    outReport                                0x200000a8   Data           5  simcon.o(.data)
    .data                                    0x200000ad   Section        1  usbd_ctlreq.o(.data)
    cfgidx                                   0x200000ad   Data           1  usbd_ctlreq.o(.data)
    .data                                    0x200000b0   Section       60  usbd_customhid.o(.data)
    .data                                    0x200000ec   Section       66  usbd_customhid.o(.data)
    USBD_CUSTOM_HID_CfgDesc                  0x200000ec   Data          41  usbd_customhid.o(.data)
    USBD_CUSTOM_HID_Desc                     0x20000118   Data           9  usbd_customhid.o(.data)
    USBD_CUSTOM_HID_DeviceQualifierDesc      0x20000124   Data          10  usbd_customhid.o(.data)
    .data                                    0x20000130   Section        4  stm32f4xx_hal.o(.data)
    .data                                    0x20000134   Section        4  mvars.o(.data)
    .data                                    0x20000138   Section        4  mvars.o(.data)
    .bss                                     0x2000013c   Section      512  usbd_desc.o(.bss)
    .bss                                     0x2000033c   Section      536  main.o(.bss)
    .bss                                     0x20000554   Section       96  main.o(.bss)
    .bss                                     0x200005b4   Section      952  usbd_conf.o(.bss)
    .bss                                     0x2000096c   Section      548  usb_device.o(.bss)
    .bss                                     0x20000b90   Section      246  simcon.o(.bss)
    adcData                                  0x20000b90   Data          32  simcon.o(.bss)
    axis                                     0x20000bb0   Data         192  simcon.o(.bss)
    inReport                                 0x20000c70   Data          22  simcon.o(.bss)
    .bss                                     0x20000c88   Section       32  stm32f4xx_hal_flash.o(.bss)
    HEAP                                     0x20000ca8   Section      512  startup_stm32f407xx.o(HEAP)
    STACK                                    0x20000ea8   Section     1024  startup_stm32f407xx.o(STACK)

    Global Symbols

    Symbol Name                              Value     Ov Type        Size  Object(Section)

    BuildAttributes$$THM_ISAv4$E$P$D$K$B$S$7EM$VFPi3$EXTD16$VFPS$VFMA$PE$A:L22UL41UL21$X:L11$S22US41US21$IEEE1$IW$USESV6$~STKCKD$USESV7$~SHL$OSPACE$ROPI$EBA8$MICROLIB$REQ8$PRES8$EABIv2 0x00000000   Number         0  anon$$obj.o ABSOLUTE
    __ARM_use_no_argv                        0x00000000   Number         0  main.o ABSOLUTE
    __cpp_initialize__aeabi_                  - Undefined Weak Reference
    __cxa_finalize                            - Undefined Weak Reference
    _clock_init                               - Undefined Weak Reference
    _microlib_exit                            - Undefined Weak Reference
    __Vectors_Size                           0x00000188   Number         0  startup_stm32f407xx.o ABSOLUTE
    __Vectors                                0x08000000   Data           4  startup_stm32f407xx.o(RESET)
    __Vectors_End                            0x08000188   Data           0  startup_stm32f407xx.o(RESET)
    __main                                   0x08000189   Thumb Code     0  entry.o(.ARM.Collect$$$$00000000)
    _main_stk                                0x08000189   Thumb Code     0  entry2.o(.ARM.Collect$$$$00000001)
    _main_scatterload                        0x0800018d   Thumb Code     0  entry5.o(.ARM.Collect$$$$00000004)
    __main_after_scatterload                 0x08000191   Thumb Code     0  entry5.o(.ARM.Collect$$$$00000004)
    _main_clock                              0x08000191   Thumb Code     0  entry7b.o(.ARM.Collect$$$$00000008)
    _main_cpp_init                           0x08000191   Thumb Code     0  entry8b.o(.ARM.Collect$$$$0000000A)
    _main_init                               0x08000191   Thumb Code     0  entry9a.o(.ARM.Collect$$$$0000000B)
    __rt_final_cpp                           0x08000199   Thumb Code     0  entry10a.o(.ARM.Collect$$$$0000000D)
    __rt_final_exit                          0x08000199   Thumb Code     0  entry11a.o(.ARM.Collect$$$$0000000F)
    Reset_Handler                            0x0800019d   Thumb Code     8  startup_stm32f407xx.o(.text)
    ADC_IRQHandler                           0x080001b7   Thumb Code     0  startup_stm32f407xx.o(.text)
    CAN1_RX0_IRQHandler                      0x080001b7   Thumb Code     0  startup_stm32f407xx.o(.text)
    CAN1_RX1_IRQHandler                      0x080001b7   Thumb Code     0  startup_stm32f407xx.o(.text)
    CAN1_SCE_IRQHandler                      0x080001b7   Thumb Code     0  startup_stm32f407xx.o(.text)
    CAN1_TX_IRQHandler                       0x080001b7   Thumb Code     0  startup_stm32f407xx.o(.text)
    CAN2_RX0_IRQHandler                      0x080001b7   Thumb Code     0  startup_stm32f407xx.o(.text)
    CAN2_RX1_IRQHandler                      0x080001b7   Thumb Code     0  startup_stm32f407xx.o(.text)
    CAN2_SCE_IRQHandler                      0x080001b7   Thumb Code     0  startup_stm32f407xx.o(.text)
    CAN2_TX_IRQHandler                       0x080001b7   Thumb Code     0  startup_stm32f407xx.o(.text)
    DCMI_IRQHandler                          0x080001b7   Thumb Code     0  startup_stm32f407xx.o(.text)
    DMA1_Stream0_IRQHandler                  0x080001b7   Thumb Code     0  startup_stm32f407xx.o(.text)
    DMA1_Stream1_IRQHandler                  0x080001b7   Thumb Code     0  startup_stm32f407xx.o(.text)
    DMA1_Stream2_IRQHandler                  0x080001b7   Thumb Code     0  startup_stm32f407xx.o(.text)
    DMA1_Stream3_IRQHandler                  0x080001b7   Thumb Code     0  startup_stm32f407xx.o(.text)
    DMA1_Stream4_IRQHandler                  0x080001b7   Thumb Code     0  startup_stm32f407xx.o(.text)
    DMA1_Stream5_IRQHandler                  0x080001b7   Thumb Code     0  startup_stm32f407xx.o(.text)
    DMA1_Stream6_IRQHandler                  0x080001b7   Thumb Code     0  startup_stm32f407xx.o(.text)
    DMA1_Stream7_IRQHandler                  0x080001b7   Thumb Code     0  startup_stm32f407xx.o(.text)
    DMA2_Stream1_IRQHandler                  0x080001b7   Thumb Code     0  startup_stm32f407xx.o(.text)
    DMA2_Stream2_IRQHandler                  0x080001b7   Thumb Code     0  startup_stm32f407xx.o(.text)
    DMA2_Stream3_IRQHandler                  0x080001b7   Thumb Code     0  startup_stm32f407xx.o(.text)
    DMA2_Stream4_IRQHandler                  0x080001b7   Thumb Code     0  startup_stm32f407xx.o(.text)
    DMA2_Stream5_IRQHandler                  0x080001b7   Thumb Code     0  startup_stm32f407xx.o(.text)
    DMA2_Stream6_IRQHandler                  0x080001b7   Thumb Code     0  startup_stm32f407xx.o(.text)
    DMA2_Stream7_IRQHandler                  0x080001b7   Thumb Code     0  startup_stm32f407xx.o(.text)
    ETH_IRQHandler                           0x080001b7   Thumb Code     0  startup_stm32f407xx.o(.text)
    ETH_WKUP_IRQHandler                      0x080001b7   Thumb Code     0  startup_stm32f407xx.o(.text)
    EXTI0_IRQHandler                         0x080001b7   Thumb Code     0  startup_stm32f407xx.o(.text)
    EXTI15_10_IRQHandler                     0x080001b7   Thumb Code     0  startup_stm32f407xx.o(.text)
    EXTI1_IRQHandler                         0x080001b7   Thumb Code     0  startup_stm32f407xx.o(.text)
    EXTI2_IRQHandler                         0x080001b7   Thumb Code     0  startup_stm32f407xx.o(.text)
    EXTI3_IRQHandler                         0x080001b7   Thumb Code     0  startup_stm32f407xx.o(.text)
    EXTI4_IRQHandler                         0x080001b7   Thumb Code     0  startup_stm32f407xx.o(.text)
    EXTI9_5_IRQHandler                       0x080001b7   Thumb Code     0  startup_stm32f407xx.o(.text)
    FLASH_IRQHandler                         0x080001b7   Thumb Code     0  startup_stm32f407xx.o(.text)
    FMC_IRQHandler                           0x080001b7   Thumb Code     0  startup_stm32f407xx.o(.text)
    FPU_IRQHandler                           0x080001b7   Thumb Code     0  startup_stm32f407xx.o(.text)
    HASH_RNG_IRQHandler                      0x080001b7   Thumb Code     0  startup_stm32f407xx.o(.text)
    I2C1_ER_IRQHandler                       0x080001b7   Thumb Code     0  startup_stm32f407xx.o(.text)
    I2C1_EV_IRQHandler                       0x080001b7   Thumb Code     0  startup_stm32f407xx.o(.text)
    I2C2_ER_IRQHandler                       0x080001b7   Thumb Code     0  startup_stm32f407xx.o(.text)
    I2C2_EV_IRQHandler                       0x080001b7   Thumb Code     0  startup_stm32f407xx.o(.text)
    I2C3_ER_IRQHandler                       0x080001b7   Thumb Code     0  startup_stm32f407xx.o(.text)
    I2C3_EV_IRQHandler                       0x080001b7   Thumb Code     0  startup_stm32f407xx.o(.text)
    OTG_FS_WKUP_IRQHandler                   0x080001b7   Thumb Code     0  startup_stm32f407xx.o(.text)
    OTG_HS_EP1_IN_IRQHandler                 0x080001b7   Thumb Code     0  startup_stm32f407xx.o(.text)
    OTG_HS_EP1_OUT_IRQHandler                0x080001b7   Thumb Code     0  startup_stm32f407xx.o(.text)
    OTG_HS_IRQHandler                        0x080001b7   Thumb Code     0  startup_stm32f407xx.o(.text)
    OTG_HS_WKUP_IRQHandler                   0x080001b7   Thumb Code     0  startup_stm32f407xx.o(.text)
    PVD_IRQHandler                           0x080001b7   Thumb Code     0  startup_stm32f407xx.o(.text)
    RCC_IRQHandler                           0x080001b7   Thumb Code     0  startup_stm32f407xx.o(.text)
    RTC_Alarm_IRQHandler                     0x080001b7   Thumb Code     0  startup_stm32f407xx.o(.text)
    RTC_WKUP_IRQHandler                      0x080001b7   Thumb Code     0  startup_stm32f407xx.o(.text)
    SDIO_IRQHandler                          0x080001b7   Thumb Code     0  startup_stm32f407xx.o(.text)
    SPI1_IRQHandler                          0x080001b7   Thumb Code     0  startup_stm32f407xx.o(.text)
    SPI2_IRQHandler                          0x080001b7   Thumb Code     0  startup_stm32f407xx.o(.text)
    SPI3_IRQHandler                          0x080001b7   Thumb Code     0  startup_stm32f407xx.o(.text)
    TAMP_STAMP_IRQHandler                    0x080001b7   Thumb Code     0  startup_stm32f407xx.o(.text)
    TIM1_BRK_TIM9_IRQHandler                 0x080001b7   Thumb Code     0  startup_stm32f407xx.o(.text)
    TIM1_CC_IRQHandler                       0x080001b7   Thumb Code     0  startup_stm32f407xx.o(.text)
    TIM1_TRG_COM_TIM11_IRQHandler            0x080001b7   Thumb Code     0  startup_stm32f407xx.o(.text)
    TIM1_UP_TIM10_IRQHandler                 0x080001b7   Thumb Code     0  startup_stm32f407xx.o(.text)
    TIM2_IRQHandler                          0x080001b7   Thumb Code     0  startup_stm32f407xx.o(.text)
    TIM3_IRQHandler                          0x080001b7   Thumb Code     0  startup_stm32f407xx.o(.text)
    TIM4_IRQHandler                          0x080001b7   Thumb Code     0  startup_stm32f407xx.o(.text)
    TIM5_IRQHandler                          0x080001b7   Thumb Code     0  startup_stm32f407xx.o(.text)
    TIM6_DAC_IRQHandler                      0x080001b7   Thumb Code     0  startup_stm32f407xx.o(.text)
    TIM7_IRQHandler                          0x080001b7   Thumb Code     0  startup_stm32f407xx.o(.text)
    TIM8_BRK_TIM12_IRQHandler                0x080001b7   Thumb Code     0  startup_stm32f407xx.o(.text)
    TIM8_CC_IRQHandler                       0x080001b7   Thumb Code     0  startup_stm32f407xx.o(.text)
    TIM8_TRG_COM_TIM14_IRQHandler            0x080001b7   Thumb Code     0  startup_stm32f407xx.o(.text)
    TIM8_UP_TIM13_IRQHandler                 0x080001b7   Thumb Code     0  startup_stm32f407xx.o(.text)
    UART4_IRQHandler                         0x080001b7   Thumb Code     0  startup_stm32f407xx.o(.text)
    UART5_IRQHandler                         0x080001b7   Thumb Code     0  startup_stm32f407xx.o(.text)
    USART1_IRQHandler                        0x080001b7   Thumb Code     0  startup_stm32f407xx.o(.text)
    USART2_IRQHandler                        0x080001b7   Thumb Code     0  startup_stm32f407xx.o(.text)
    USART3_IRQHandler                        0x080001b7   Thumb Code     0  startup_stm32f407xx.o(.text)
    USART6_IRQHandler                        0x080001b7   Thumb Code     0  startup_stm32f407xx.o(.text)
    WWDG_IRQHandler                          0x080001b7   Thumb Code     0  startup_stm32f407xx.o(.text)
    __aeabi_memcpy                           0x080001c1   Thumb Code    36  memcpya.o(.text)
    __aeabi_memcpy4                          0x080001c1   Thumb Code     0  memcpya.o(.text)
    __aeabi_memcpy8                          0x080001c1   Thumb Code     0  memcpya.o(.text)
    __aeabi_dadd                             0x080001e5   Thumb Code   322  dadd.o(.text)
    __aeabi_dsub                             0x08000327   Thumb Code     6  dadd.o(.text)
    __aeabi_drsub                            0x0800032d   Thumb Code     6  dadd.o(.text)
    __aeabi_dmul                             0x08000333   Thumb Code   228  dmul.o(.text)
    __aeabi_ddiv                             0x08000417   Thumb Code   222  ddiv.o(.text)
    __aeabi_i2d                              0x080004f5   Thumb Code    34  dflti.o(.text)
    __aeabi_ui2d                             0x08000517   Thumb Code    26  dfltui.o(.text)
    __aeabi_d2uiz                            0x08000531   Thumb Code    50  dfixui.o(.text)
    __aeabi_cdcmpeq                          0x08000565   Thumb Code     0  cdcmple.o(.text)
    __aeabi_cdcmple                          0x08000565   Thumb Code    48  cdcmple.o(.text)
    __aeabi_cdrcmple                         0x08000595   Thumb Code    48  cdrcmple.o(.text)
    __aeabi_llsl                             0x080005c5   Thumb Code    30  llshl.o(.text)
    _ll_shift_l                              0x080005c5   Thumb Code     0  llshl.o(.text)
    __aeabi_llsr                             0x080005e3   Thumb Code    32  llushr.o(.text)
    _ll_ushift_r                             0x080005e3   Thumb Code     0  llushr.o(.text)
    __aeabi_lasr                             0x08000603   Thumb Code    36  llsshr.o(.text)
    _ll_sshift_r                             0x08000603   Thumb Code     0  llsshr.o(.text)
    __I$use$fp                               0x08000627   Thumb Code     0  iusefp.o(.text)
    _double_round                            0x08000627   Thumb Code    30  depilogue.o(.text)
    _double_epilogue                         0x08000645   Thumb Code   156  depilogue.o(.text)
    __scatterload                            0x080006e1   Thumb Code    28  init.o(.text)
    __scatterload_rt2                        0x080006e1   Thumb Code     0  init.o(.text)
    __decompress                             0x08000705   Thumb Code     0  __dczerorl2.o(.text)
    __decompress1                            0x08000705   Thumb Code    86  __dczerorl2.o(.text)
    BusFault_Handler                         0x08000911   Thumb Code     2  stm32f4xx_it.o(i.BusFault_Handler)
    DMA2_Stream0_IRQHandler                  0x08000925   Thumb Code     6  stm32f4xx_it.o(i.DMA2_Stream0_IRQHandler)
    DebugMon_Handler                         0x080009d5   Thumb Code     2  stm32f4xx_it.o(i.DebugMon_Handler)
    Error_Handler                            0x080009d7   Thumb Code     2  main.o(i.Error_Handler)
    FLASH_Erase_Sector                       0x080009d9   Thumb Code    84  stm32f4xx_hal_flash_ex.o(i.FLASH_Erase_Sector)
    FLASH_WaitForLastOperation               0x08000b49   Thumb Code    80  stm32f4xx_hal_flash.o(i.FLASH_WaitForLastOperation)
    HAL_ADC_ConfigChannel                    0x08000ba1   Thumb Code   322  stm32f4xx_hal_adc.o(i.HAL_ADC_ConfigChannel)
    HAL_ADC_ConvCpltCallback                 0x08000cf1   Thumb Code     2  stm32f4xx_hal_adc.o(i.HAL_ADC_ConvCpltCallback)
    HAL_ADC_ConvHalfCpltCallback             0x08000cf3   Thumb Code     2  stm32f4xx_hal_adc.o(i.HAL_ADC_ConvHalfCpltCallback)
    HAL_ADC_ErrorCallback                    0x08000cf5   Thumb Code     2  stm32f4xx_hal_adc.o(i.HAL_ADC_ErrorCallback)
    HAL_ADC_Init                             0x08000cf7   Thumb Code    84  stm32f4xx_hal_adc.o(i.HAL_ADC_Init)
    HAL_ADC_MspInit                          0x08000d4d   Thumb Code   104  stm32f4xx_hal_msp.o(i.HAL_ADC_MspInit)
    HAL_ADC_Start_DMA                        0x08000dc9   Thumb Code   228  stm32f4xx_hal_adc.o(i.HAL_ADC_Start_DMA)
    HAL_DMA_IRQHandler                       0x08000ec5   Thumb Code   414  stm32f4xx_hal_dma.o(i.HAL_DMA_IRQHandler)
    HAL_DMA_Init                             0x0800106d   Thumb Code   202  stm32f4xx_hal_dma.o(i.HAL_DMA_Init)
    HAL_DMA_Start_IT                         0x0800113d   Thumb Code   120  stm32f4xx_hal_dma.o(i.HAL_DMA_Start_IT)
    HAL_Delay                                0x080011b5   Thumb Code    22  stm32f4xx_hal.o(i.HAL_Delay)
    HAL_FLASH_Lock                           0x080011cd   Thumb Code    14  stm32f4xx_hal_flash.o(i.HAL_FLASH_Lock)
    HAL_FLASH_Program                        0x080011e1   Thumb Code   116  stm32f4xx_hal_flash.o(i.HAL_FLASH_Program)
    HAL_FLASH_Unlock                         0x0800125d   Thumb Code    28  stm32f4xx_hal_flash.o(i.HAL_FLASH_Unlock)
    HAL_GPIO_Init                            0x08001285   Thumb Code   398  stm32f4xx_hal_gpio.o(i.HAL_GPIO_Init)
    HAL_GPIO_ReadPin                         0x08001445   Thumb Code    10  stm32f4xx_hal_gpio.o(i.HAL_GPIO_ReadPin)
    HAL_GetTick                              0x08001451   Thumb Code     6  stm32f4xx_hal.o(i.HAL_GetTick)
    HAL_I2C_Init                             0x0800145d   Thumb Code   254  stm32f4xx_hal_i2c.o(i.HAL_I2C_Init)
    HAL_I2C_MspInit                          0x08001565   Thumb Code    92  stm32f4xx_hal_msp.o(i.HAL_I2C_MspInit)
    HAL_IncTick                              0x080015d1   Thumb Code    10  stm32f4xx_hal.o(i.HAL_IncTick)
    HAL_Init                                 0x080015e1   Thumb Code    48  stm32f4xx_hal.o(i.HAL_Init)
    HAL_InitTick                             0x08001615   Thumb Code    34  stm32f4xx_hal.o(i.HAL_InitTick)
    HAL_MspInit                              0x0800163d   Thumb Code    88  stm32f4xx_hal_msp.o(i.HAL_MspInit)
    HAL_NVIC_EnableIRQ                       0x08001695   Thumb Code    22  stm32f4xx_hal_cortex.o(i.HAL_NVIC_EnableIRQ)
    HAL_NVIC_SetPriority                     0x080016ad   Thumb Code    60  stm32f4xx_hal_cortex.o(i.HAL_NVIC_SetPriority)
    HAL_NVIC_SetPriorityGrouping             0x080016ed   Thumb Code    26  stm32f4xx_hal_cortex.o(i.HAL_NVIC_SetPriorityGrouping)
    HAL_PCDEx_SetRxFiFo                      0x08001711   Thumb Code     8  stm32f4xx_hal_pcd_ex.o(i.HAL_PCDEx_SetRxFiFo)
    HAL_PCDEx_SetTxFiFo                      0x08001719   Thumb Code    68  stm32f4xx_hal_pcd_ex.o(i.HAL_PCDEx_SetTxFiFo)
    HAL_PCD_ConnectCallback                  0x0800175d   Thumb Code     8  usbd_conf.o(i.HAL_PCD_ConnectCallback)
    HAL_PCD_DataInStageCallback              0x08001765   Thumb Code    18  usbd_conf.o(i.HAL_PCD_DataInStageCallback)
    HAL_PCD_DataOutStageCallback             0x08001777   Thumb Code    20  usbd_conf.o(i.HAL_PCD_DataOutStageCallback)
    HAL_PCD_DisconnectCallback               0x0800178b   Thumb Code     8  usbd_conf.o(i.HAL_PCD_DisconnectCallback)
    HAL_PCD_EP_Close                         0x08001793   Thumb Code    68  stm32f4xx_hal_pcd.o(i.HAL_PCD_EP_Close)
    HAL_PCD_EP_ClrStall                      0x080017d7   Thumb Code    80  stm32f4xx_hal_pcd.o(i.HAL_PCD_EP_ClrStall)
    HAL_PCD_EP_Open                          0x08001827   Thumb Code    84  stm32f4xx_hal_pcd.o(i.HAL_PCD_EP_Open)
    HAL_PCD_EP_Receive                       0x0800187d   Thumb Code    94  stm32f4xx_hal_pcd.o(i.HAL_PCD_EP_Receive)
    HAL_PCD_EP_SetStall                      0x080018db   Thumb Code    96  stm32f4xx_hal_pcd.o(i.HAL_PCD_EP_SetStall)
    HAL_PCD_EP_Transmit                      0x0800193b   Thumb Code    86  stm32f4xx_hal_pcd.o(i.HAL_PCD_EP_Transmit)
    HAL_PCD_IRQHandler                       0x08001991   Thumb Code  1022  stm32f4xx_hal_pcd.o(i.HAL_PCD_IRQHandler)
    HAL_PCD_ISOINIncompleteCallback          0x08001d8f   Thumb Code     8  usbd_conf.o(i.HAL_PCD_ISOINIncompleteCallback)
    HAL_PCD_ISOOUTIncompleteCallback         0x08001d97   Thumb Code     8  usbd_conf.o(i.HAL_PCD_ISOOUTIncompleteCallback)
    HAL_PCD_Init                             0x08001da1   Thumb Code   190  stm32f4xx_hal_pcd.o(i.HAL_PCD_Init)
    HAL_PCD_MspInit                          0x08001e61   Thumb Code    92  usbd_conf.o(i.HAL_PCD_MspInit)
    HAL_PCD_ResetCallback                    0x08001ec5   Thumb Code    32  usbd_conf.o(i.HAL_PCD_ResetCallback)
    HAL_PCD_ResumeCallback                   0x08001ee5   Thumb Code     8  usbd_conf.o(i.HAL_PCD_ResumeCallback)
    HAL_PCD_SOFCallback                      0x08001eed   Thumb Code     8  usbd_conf.o(i.HAL_PCD_SOFCallback)
    HAL_PCD_SetAddress                       0x08001ef5   Thumb Code    36  stm32f4xx_hal_pcd.o(i.HAL_PCD_SetAddress)
    HAL_PCD_SetupStageCallback               0x08001f19   Thumb Code    14  usbd_conf.o(i.HAL_PCD_SetupStageCallback)
    HAL_PCD_Start                            0x08001f27   Thumb Code    42  stm32f4xx_hal_pcd.o(i.HAL_PCD_Start)
    HAL_PCD_SuspendCallback                  0x08001f51   Thumb Code    44  usbd_conf.o(i.HAL_PCD_SuspendCallback)
    HAL_RCC_ClockConfig                      0x08001f81   Thumb Code   364  stm32f4xx_hal_rcc.o(i.HAL_RCC_ClockConfig)
    HAL_RCC_GetHCLKFreq                      0x080020fd   Thumb Code     6  stm32f4xx_hal_rcc.o(i.HAL_RCC_GetHCLKFreq)
    HAL_RCC_GetPCLK1Freq                     0x08002109   Thumb Code    34  stm32f4xx_hal_rcc.o(i.HAL_RCC_GetPCLK1Freq)
    HAL_RCC_GetSysClockFreq                  0x08002139   Thumb Code   104  stm32f4xx_hal_rcc.o(i.HAL_RCC_GetSysClockFreq)
    HAL_RCC_OscConfig                        0x080021a9   Thumb Code   722  stm32f4xx_hal_rcc.o(i.HAL_RCC_OscConfig)
    HAL_SPI_Init                             0x0800248d   Thumb Code   128  stm32f4xx_hal_spi.o(i.HAL_SPI_Init)
    HAL_SPI_MspInit                          0x0800250d   Thumb Code   110  stm32f4xx_hal_msp.o(i.HAL_SPI_MspInit)
    HAL_SYSTICK_CLKSourceConfig              0x08002591   Thumb Code    24  stm32f4xx_hal_cortex.o(i.HAL_SYSTICK_CLKSourceConfig)
    HAL_SYSTICK_Callback                     0x080025a9   Thumb Code     2  stm32f4xx_hal_cortex.o(i.HAL_SYSTICK_Callback)
    HAL_SYSTICK_Config                       0x080025ab   Thumb Code    40  stm32f4xx_hal_cortex.o(i.HAL_SYSTICK_Config)
    HAL_SYSTICK_IRQHandler                   0x080025d3   Thumb Code     8  stm32f4xx_hal_cortex.o(i.HAL_SYSTICK_IRQHandler)
    HAL_TIMEx_MasterConfigSynchronization    0x080025db   Thumb Code    80  stm32f4xx_hal_tim_ex.o(i.HAL_TIMEx_MasterConfigSynchronization)
    HAL_TIM_Base_Init                        0x0800262b   Thumb Code    54  stm32f4xx_hal_tim.o(i.HAL_TIM_Base_Init)
    HAL_TIM_Base_MspInit                     0x08002661   Thumb Code    52  stm32f4xx_hal_msp.o(i.HAL_TIM_Base_MspInit)
    HAL_TIM_ConfigClockSource                0x080026a1   Thumb Code   242  stm32f4xx_hal_tim.o(i.HAL_TIM_ConfigClockSource)
    HAL_TIM_MspPostInit                      0x08002795   Thumb Code    82  stm32f4xx_hal_msp.o(i.HAL_TIM_MspPostInit)
    HAL_TIM_OC_ConfigChannel                 0x080027fd   Thumb Code    86  stm32f4xx_hal_tim.o(i.HAL_TIM_OC_ConfigChannel)
    HAL_TIM_OC_Init                          0x08002853   Thumb Code    54  stm32f4xx_hal_tim.o(i.HAL_TIM_OC_Init)
    HAL_TIM_OC_MspInit                       0x08002889   Thumb Code     2  stm32f4xx_hal_tim.o(i.HAL_TIM_OC_MspInit)
    HAL_TIM_PWM_ConfigChannel                0x0800288b   Thumb Code   208  stm32f4xx_hal_tim.o(i.HAL_TIM_PWM_ConfigChannel)
    HAL_TIM_PWM_Init                         0x0800295b   Thumb Code    54  stm32f4xx_hal_tim.o(i.HAL_TIM_PWM_Init)
    HAL_TIM_PWM_MspInit                      0x08002991   Thumb Code     2  stm32f4xx_hal_tim.o(i.HAL_TIM_PWM_MspInit)
    HardFault_Handler                        0x08002993   Thumb Code     2  stm32f4xx_it.o(i.HardFault_Handler)
    MX_USB_DEVICE_Init                       0x08002d01   Thumb Code    38  usb_device.o(i.MX_USB_DEVICE_Init)
    MemManage_Handler                        0x08002d39   Thumb Code     2  stm32f4xx_it.o(i.MemManage_Handler)
    NMI_Handler                              0x08002d3b   Thumb Code     2  stm32f4xx_it.o(i.NMI_Handler)
    OTG_FS_IRQHandler                        0x08002d5d   Thumb Code     6  stm32f4xx_it.o(i.OTG_FS_IRQHandler)
    PendSV_Handler                           0x08002df1   Thumb Code     2  stm32f4xx_it.o(i.PendSV_Handler)
    SVC_Handler                              0x08002df3   Thumb Code     2  stm32f4xx_it.o(i.SVC_Handler)
    SysTick_Handler                          0x08002df5   Thumb Code    18  stm32f4xx_it.o(i.SysTick_Handler)
    SystemClock_Config                       0x08002e09   Thumb Code   150  main.o(i.SystemClock_Config)
    SystemInit                               0x08002ea9   Thumb Code    66  system_stm32f4xx.o(i.SystemInit)
    TIM_Base_SetConfig                       0x08002efd   Thumb Code   148  stm32f4xx_hal_tim.o(i.TIM_Base_SetConfig)
    TIM_OC2_SetConfig                        0x08003039   Thumb Code    90  stm32f4xx_hal_tim.o(i.TIM_OC2_SetConfig)
    USBD_CUSTOM_HID_RegisterInterface        0x0800327b   Thumb Code    16  usbd_customhid.o(i.USBD_CUSTOM_HID_RegisterInterface)
    USBD_CUSTOM_HID_SendReport               0x0800328b   Thumb Code    36  usbd_customhid.o(i.USBD_CUSTOM_HID_SendReport)
    USBD_ClrClassConfig                      0x08003369   Thumb Code    14  usbd_core.o(i.USBD_ClrClassConfig)
    USBD_CtlContinueRx                       0x08003377   Thumb Code    16  usbd_ioreq.o(i.USBD_CtlContinueRx)
    USBD_CtlContinueSendData                 0x08003387   Thumb Code    16  usbd_ioreq.o(i.USBD_CtlContinueSendData)
    USBD_CtlError                            0x08003397   Thumb Code    22  usbd_ctlreq.o(i.USBD_CtlError)
    USBD_CtlPrepareRx                        0x080033ad   Thumb Code    30  usbd_ioreq.o(i.USBD_CtlPrepareRx)
    USBD_CtlReceiveStatus                    0x080033cb   Thumb Code    22  usbd_ioreq.o(i.USBD_CtlReceiveStatus)
    USBD_CtlSendData                         0x080033e1   Thumb Code    26  usbd_ioreq.o(i.USBD_CtlSendData)
    USBD_CtlSendStatus                       0x080033fb   Thumb Code    22  usbd_ioreq.o(i.USBD_CtlSendStatus)
    USBD_FS_ConfigStrDescriptor              0x08003411   Thumb Code    16  usbd_desc.o(i.USBD_FS_ConfigStrDescriptor)
    USBD_FS_DeviceDescriptor                 0x08003439   Thumb Code     8  usbd_desc.o(i.USBD_FS_DeviceDescriptor)
    USBD_FS_InterfaceStrDescriptor           0x08003445   Thumb Code    16  usbd_desc.o(i.USBD_FS_InterfaceStrDescriptor)
    USBD_FS_LangIDStrDescriptor              0x08003471   Thumb Code     8  usbd_desc.o(i.USBD_FS_LangIDStrDescriptor)
    USBD_FS_ManufacturerStrDescriptor        0x0800347d   Thumb Code    16  usbd_desc.o(i.USBD_FS_ManufacturerStrDescriptor)
    USBD_FS_ProductStrDescriptor             0x080034a5   Thumb Code    16  usbd_desc.o(i.USBD_FS_ProductStrDescriptor)
    USBD_FS_SerialStrDescriptor              0x080034cd   Thumb Code    16  usbd_desc.o(i.USBD_FS_SerialStrDescriptor)
    USBD_GetString                           0x080035e3   Thumb Code    70  usbd_ctlreq.o(i.USBD_GetString)
    USBD_Init                                0x08003629   Thumb Code    42  usbd_core.o(i.USBD_Init)
    USBD_LL_ClearStallEP                     0x08003653   Thumb Code    14  usbd_conf.o(i.USBD_LL_ClearStallEP)
    USBD_LL_CloseEP                          0x08003661   Thumb Code    14  usbd_conf.o(i.USBD_LL_CloseEP)
    USBD_LL_DataInStage                      0x0800366f   Thumb Code   170  usbd_core.o(i.USBD_LL_DataInStage)
    USBD_LL_DataOutStage                     0x08003719   Thumb Code   106  usbd_core.o(i.USBD_LL_DataOutStage)
    USBD_LL_DevConnected                     0x08003783   Thumb Code     4  usbd_core.o(i.USBD_LL_DevConnected)
    USBD_LL_DevDisconnected                  0x08003787   Thumb Code    22  usbd_core.o(i.USBD_LL_DevDisconnected)
    USBD_LL_Init                             0x0800379d   Thumb Code    92  usbd_conf.o(i.USBD_LL_Init)
    USBD_LL_IsStallEP                        0x080037fd   Thumb Code    32  usbd_conf.o(i.USBD_LL_IsStallEP)
    USBD_LL_IsoINIncomplete                  0x0800381d   Thumb Code     4  usbd_core.o(i.USBD_LL_IsoINIncomplete)
    USBD_LL_IsoOUTIncomplete                 0x08003821   Thumb Code     4  usbd_core.o(i.USBD_LL_IsoOUTIncomplete)
    USBD_LL_OpenEP                           0x08003825   Thumb Code    20  usbd_conf.o(i.USBD_LL_OpenEP)
    USBD_LL_PrepareReceive                   0x08003839   Thumb Code    14  usbd_conf.o(i.USBD_LL_PrepareReceive)
    USBD_LL_Reset                            0x08003847   Thumb Code    62  usbd_core.o(i.USBD_LL_Reset)
    USBD_LL_Resume                           0x08003885   Thumb Code    12  usbd_core.o(i.USBD_LL_Resume)
    USBD_LL_SOF                              0x08003891   Thumb Code    24  usbd_core.o(i.USBD_LL_SOF)
    USBD_LL_SetSpeed                         0x080038a9   Thumb Code     6  usbd_core.o(i.USBD_LL_SetSpeed)
    USBD_LL_SetUSBAddress                    0x080038af   Thumb Code    14  usbd_conf.o(i.USBD_LL_SetUSBAddress)
    USBD_LL_SetupStage                       0x080038bd   Thumb Code    90  usbd_core.o(i.USBD_LL_SetupStage)
    USBD_LL_StallEP                          0x08003917   Thumb Code    14  usbd_conf.o(i.USBD_LL_StallEP)
    USBD_LL_Start                            0x08003925   Thumb Code    14  usbd_conf.o(i.USBD_LL_Start)
    USBD_LL_Suspend                          0x08003933   Thumb Code    18  usbd_core.o(i.USBD_LL_Suspend)
    USBD_LL_Transmit                         0x08003945   Thumb Code    14  usbd_conf.o(i.USBD_LL_Transmit)
    USBD_ParseSetupRequest                   0x08003953   Thumb Code    40  usbd_ctlreq.o(i.USBD_ParseSetupRequest)
    USBD_RegisterClass                       0x0800397b   Thumb Code    16  usbd_core.o(i.USBD_RegisterClass)
    USBD_SetClassConfig                      0x0800398b   Thumb Code    22  usbd_core.o(i.USBD_SetClassConfig)
    USBD_Start                               0x08003a15   Thumb Code    10  usbd_core.o(i.USBD_Start)
    USBD_StdDevReq                           0x08003a1f   Thumb Code   242  usbd_ctlreq.o(i.USBD_StdDevReq)
    USBD_StdEPReq                            0x08003b11   Thumb Code   220  usbd_ctlreq.o(i.USBD_StdEPReq)
    USBD_StdItfReq                           0x08003bed   Thumb Code    52  usbd_ctlreq.o(i.USBD_StdItfReq)
    USB_ActivateEndpoint                     0x08003c21   Thumb Code   122  stm32f4xx_ll_usb.o(i.USB_ActivateEndpoint)
    USB_ActivateSetup                        0x08003ca1   Thumb Code    52  stm32f4xx_ll_usb.o(i.USB_ActivateSetup)
    USB_CoreInit                             0x08003cd5   Thumb Code    96  stm32f4xx_ll_usb.o(i.USB_CoreInit)
    USB_DeactivateEndpoint                   0x08003d71   Thumb Code   110  stm32f4xx_ll_usb.o(i.USB_DeactivateEndpoint)
    USB_DevConnect                           0x08003ddf   Thumb Code    24  stm32f4xx_ll_usb.o(i.USB_DevConnect)
    USB_DevDisconnect                        0x08003df7   Thumb Code    24  stm32f4xx_ll_usb.o(i.USB_DevDisconnect)
    USB_DevInit                              0x08003e11   Thumb Code   306  stm32f4xx_ll_usb.o(i.USB_DevInit)
    USB_DisableGlobalInt                     0x08003f55   Thumb Code    12  stm32f4xx_ll_usb.o(i.USB_DisableGlobalInt)
    USB_EP0StartXfer                         0x08003f61   Thumb Code   316  stm32f4xx_ll_usb.o(i.USB_EP0StartXfer)
    USB_EP0_OutStart                         0x080040a1   Thumb Code    62  stm32f4xx_ll_usb.o(i.USB_EP0_OutStart)
    USB_EPClearStall                         0x080040df   Thumb Code   100  stm32f4xx_ll_usb.o(i.USB_EPClearStall)
    USB_EPSetStall                           0x08004143   Thumb Code    94  stm32f4xx_ll_usb.o(i.USB_EPSetStall)
    USB_EPStartXfer                          0x080041a1   Thumb Code   534  stm32f4xx_ll_usb.o(i.USB_EPStartXfer)
    USB_EnableGlobalInt                      0x080043bd   Thumb Code    12  stm32f4xx_ll_usb.o(i.USB_EnableGlobalInt)
    USB_FlushRxFifo                          0x080043c9   Thumb Code    28  stm32f4xx_ll_usb.o(i.USB_FlushRxFifo)
    USB_FlushTxFifo                          0x080043e9   Thumb Code    32  stm32f4xx_ll_usb.o(i.USB_FlushTxFifo)
    USB_GetDevSpeed                          0x0800440d   Thumb Code    60  stm32f4xx_ll_usb.o(i.USB_GetDevSpeed)
    USB_GetMode                              0x08004449   Thumb Code     8  stm32f4xx_ll_usb.o(i.USB_GetMode)
    USB_ReadDevAllInEpInterrupt              0x08004451   Thumb Code    14  stm32f4xx_ll_usb.o(i.USB_ReadDevAllInEpInterrupt)
    USB_ReadDevAllOutEpInterrupt             0x0800445f   Thumb Code    14  stm32f4xx_ll_usb.o(i.USB_ReadDevAllOutEpInterrupt)
    USB_ReadDevInEPInterrupt                 0x0800446d   Thumb Code    30  stm32f4xx_ll_usb.o(i.USB_ReadDevInEPInterrupt)
    USB_ReadDevOutEPInterrupt                0x0800448b   Thumb Code    16  stm32f4xx_ll_usb.o(i.USB_ReadDevOutEPInterrupt)
    USB_ReadInterrupts                       0x0800449b   Thumb Code     8  stm32f4xx_ll_usb.o(i.USB_ReadInterrupts)
    USB_ReadPacket                           0x080044a3   Thumb Code    32  stm32f4xx_ll_usb.o(i.USB_ReadPacket)
    USB_SetCurrentMode                       0x080044c3   Thumb Code    44  stm32f4xx_ll_usb.o(i.USB_SetCurrentMode)
    USB_SetDevAddress                        0x080044ef   Thumb Code    34  stm32f4xx_ll_usb.o(i.USB_SetDevAddress)
    USB_WritePacket                          0x08004511   Thumb Code    40  stm32f4xx_ll_usb.o(i.USB_WritePacket)
    UsageFault_Handler                       0x08004539   Thumb Code     2  stm32f4xx_it.o(i.UsageFault_Handler)
    __scatterload_copy                       0x0800453b   Thumb Code    14  handlers.o(i.__scatterload_copy)
    __scatterload_null                       0x08004549   Thumb Code     2  handlers.o(i.__scatterload_null)
    __scatterload_zeroinit                   0x0800454b   Thumb Code    14  handlers.o(i.__scatterload_zeroinit)
    free                                     0x08004559   Thumb Code    76  malloc.o(i.free)
    main                                     0x080045a9   Thumb Code   146  main.o(i.main)
    malloc                                   0x08004651   Thumb Code    92  malloc.o(i.malloc)
    simCon_axesToReport                      0x080046bd   Thumb Code    48  simcon.o(i.simCon_axesToReport)
    simCon_button                            0x080046f1   Thumb Code    32  simcon.o(i.simCon_button)
    simCon_calculateAxes                     0x08004715   Thumb Code   608  simcon.o(i.simCon_calculateAxes)
    simCon_diagnosticToReport                0x08004989   Thumb Code   110  simcon.o(i.simCon_diagnosticToReport)
    simCon_flashRead                         0x080049fd   Thumb Code   188  simcon.o(i.simCon_flashRead)
    simCon_flashSave                         0x08004ac1   Thumb Code   238  simcon.o(i.simCon_flashSave)
    simCon_init                              0x08004bbd   Thumb Code    30  simcon.o(i.simCon_init)
    simCon_loadDefaults                      0x08004be5   Thumb Code    98  simcon.o(i.simCon_loadDefaults)
    simCon_otherToReport                     0x08004c4d   Thumb Code    22  simcon.o(i.simCon_otherToReport)
    simCon_readButtons                       0x08004c6d   Thumb Code    30  simcon.o(i.simCon_readButtons)
    simCon_readFromHost                      0x08004c91   Thumb Code   218  simcon.o(i.simCon_readFromHost)
    simCon_sysTickHandler                    0x08004d79   Thumb Code    68  simcon.o(i.simCon_sysTickHandler)
    simCon_writeFiveBytes                    0x08004dc9   Thumb Code    40  simcon.o(i.simCon_writeFiveBytes)
    APBAHBPrescTable                         0x08004df4   Data          16  stm32f4xx_hal_rcc.o(.constdata)
    Region$$Table$$Base                      0x08004e0c   Number         0  anon$$obj.o(Region$$Table)
    Region$$Table$$Limit                     0x08004e2c   Number         0  anon$$obj.o(Region$$Table)
    SystemCoreClock                          0x20000000   Data           4  system_stm32f4xx.o(.data)
    FS_Desc                                  0x20000004   Data          28  usbd_desc.o(.data)
    USBD_LangIDDesc                          0x20000020   Data           4  usbd_desc.o(.data)
    USBD_FS_DeviceDesc                       0x20000024   Data          18  usbd_desc.o(.data)
    USBD_CustomHID_fops_FS                   0x20000090   Data          16  usbd_custom_hid_if.o(.data)
    USBD_CUSTOM_HID                          0x200000b0   Data          60  usbd_customhid.o(.data)
    uwTick                                   0x20000130   Data           4  stm32f4xx_hal.o(.data)
    __microlib_freelist                      0x20000134   Data           4  mvars.o(.data)
    __microlib_freelist_initialised          0x20000138   Data           4  mvars.o(.data)
    USBD_StrDesc                             0x2000013c   Data         512  usbd_desc.o(.bss)
    hadc1                                    0x2000033c   Data          72  main.o(.bss)
    hi2c1                                    0x20000384   Data          84  main.o(.bss)
    hi2c2                                    0x200003d8   Data          84  main.o(.bss)
    hspi1                                    0x2000042c   Data          88  main.o(.bss)
    hspi3                                    0x20000484   Data          88  main.o(.bss)
    htim3                                    0x200004dc   Data          60  main.o(.bss)
    htim4                                    0x20000518   Data          60  main.o(.bss)
    hdma_adc1                                0x20000554   Data          96  main.o(.bss)
    hpcd_USB_OTG_FS                          0x200005b4   Data         952  usbd_conf.o(.bss)
    hUsbDeviceFS                             0x2000096c   Data         548  usb_device.o(.bss)
    pFlash                                   0x20000c88   Data          32  stm32f4xx_hal_flash.o(.bss)
    __heap_base                              0x20000ca8   Data           0  startup_stm32f407xx.o(HEAP)
    __heap_limit                             0x20000ea8   Data           0  startup_stm32f407xx.o(HEAP)
    __initial_sp                             0x200012a8   Data           0  startup_stm32f407xx.o(STACK)



==============================================================================

Memory Map of the image

  Image Entry point : 0x08000189

  Load Region LR_IROM1 (Base: 0x08000000, Size: 0x00004f68, Max: 0x00100000, ABSOLUTE, COMPRESSED[0x00004f10])

    Execution Region ER_IROM1 (Base: 0x08000000, Size: 0x00004e2c, Max: 0x00100000, ABSOLUTE)

    Base Addr    Size         Type   Attr      Idx    E Section Name        Object

    0x08000000   0x00000188   Data   RO         1214    RESET               startup_stm32f407xx.o
    0x08000188   0x00000000   Code   RO         4569  * .ARM.Collect$$$$00000000  mc_w.l(entry.o)
    0x08000188   0x00000004   Code   RO         4620    .ARM.Collect$$$$00000001  mc_w.l(entry2.o)
    0x0800018c   0x00000004   Code   RO         4623    .ARM.Collect$$$$00000004  mc_w.l(entry5.o)
    0x08000190   0x00000000   Code   RO         4625    .ARM.Collect$$$$00000008  mc_w.l(entry7b.o)
    0x08000190   0x00000000   Code   RO         4627    .ARM.Collect$$$$0000000A  mc_w.l(entry8b.o)
    0x08000190   0x00000008   Code   RO         4628    .ARM.Collect$$$$0000000B  mc_w.l(entry9a.o)
    0x08000198   0x00000000   Code   RO         4630    .ARM.Collect$$$$0000000D  mc_w.l(entry10a.o)
    0x08000198   0x00000000   Code   RO         4632    .ARM.Collect$$$$0000000F  mc_w.l(entry11a.o)
    0x08000198   0x00000004   Code   RO         4621    .ARM.Collect$$$$00002712  mc_w.l(entry2.o)
    0x0800019c   0x00000024   Code   RO         1215    .text               startup_stm32f407xx.o
    0x080001c0   0x00000024   Code   RO         4572    .text               mc_w.l(memcpya.o)
    0x080001e4   0x0000014e   Code   RO         4604    .text               mf_w.l(dadd.o)
    0x08000332   0x000000e4   Code   RO         4606    .text               mf_w.l(dmul.o)
    0x08000416   0x000000de   Code   RO         4608    .text               mf_w.l(ddiv.o)
    0x080004f4   0x00000022   Code   RO         4610    .text               mf_w.l(dflti.o)
    0x08000516   0x0000001a   Code   RO         4612    .text               mf_w.l(dfltui.o)
    0x08000530   0x00000032   Code   RO         4614    .text               mf_w.l(dfixui.o)
    0x08000562   0x00000002   PAD
    0x08000564   0x00000030   Code   RO         4616    .text               mf_w.l(cdcmple.o)
    0x08000594   0x00000030   Code   RO         4618    .text               mf_w.l(cdrcmple.o)
    0x080005c4   0x0000001e   Code   RO         4634    .text               mc_w.l(llshl.o)
    0x080005e2   0x00000020   Code   RO         4636    .text               mc_w.l(llushr.o)
    0x08000602   0x00000024   Code   RO         4638    .text               mc_w.l(llsshr.o)
    0x08000626   0x00000000   Code   RO         4642    .text               mc_w.l(iusefp.o)
    0x08000626   0x000000ba   Code   RO         4643    .text               mf_w.l(depilogue.o)
    0x080006e0   0x00000024   Code   RO         4645    .text               mc_w.l(init.o)
    0x08000704   0x00000056   Code   RO         4655    .text               mc_w.l(__dczerorl2.o)
    0x0800075a   0x00000062   Code   RO         2271    i.ADC_DMAConvCplt   stm32f4xx_hal_adc.o
    0x080007bc   0x00000016   Code   RO         2272    i.ADC_DMAError      stm32f4xx_hal_adc.o
    0x080007d2   0x0000000a   Code   RO         2273    i.ADC_DMAHalfConvCplt  stm32f4xx_hal_adc.o
    0x080007dc   0x00000134   Code   RO         2274    i.ADC_Init          stm32f4xx_hal_adc.o
    0x08000910   0x00000002   Code   RO          247    i.BusFault_Handler  stm32f4xx_it.o
    0x08000912   0x00000004   Code   RO          338    i.CUSTOM_HID_DeInit_FS  usbd_custom_hid_if.o
    0x08000916   0x00000004   Code   RO          339    i.CUSTOM_HID_Init_FS  usbd_custom_hid_if.o
    0x0800091a   0x0000000a   Code   RO          340    i.CUSTOM_HID_OutEvent_FS  usbd_custom_hid_if.o
    0x08000924   0x0000000c   Code   RO          248    i.DMA2_Stream0_IRQHandler  stm32f4xx_it.o
    0x08000930   0x00000028   Code   RO         1608    i.DMA_CalcBaseAndBitshift  stm32f4xx_hal_dma.o
    0x08000958   0x00000054   Code   RO         1609    i.DMA_CheckFifoParam  stm32f4xx_hal_dma.o
    0x080009ac   0x00000028   Code   RO         1610    i.DMA_SetConfig     stm32f4xx_hal_dma.o
    0x080009d4   0x00000002   Code   RO          249    i.DebugMon_Handler  stm32f4xx_it.o
    0x080009d6   0x00000002   Code   RO          462    i.Error_Handler     main.o
    0x080009d8   0x00000058   Code   RO         1996    i.FLASH_Erase_Sector  stm32f4xx_hal_flash_ex.o
    0x08000a30   0x00000020   Code   RO         3771    i.FLASH_Program_Byte  stm32f4xx_hal_flash.o
    0x08000a50   0x00000028   Code   RO         3772    i.FLASH_Program_DoubleWord  stm32f4xx_hal_flash.o
    0x08000a78   0x00000024   Code   RO         3773    i.FLASH_Program_HalfWord  stm32f4xx_hal_flash.o
    0x08000a9c   0x00000024   Code   RO         3774    i.FLASH_Program_Word  stm32f4xx_hal_flash.o
    0x08000ac0   0x00000088   Code   RO         3775    i.FLASH_SetErrorCode  stm32f4xx_hal_flash.o
    0x08000b48   0x00000058   Code   RO         3776    i.FLASH_WaitForLastOperation  stm32f4xx_hal_flash.o
    0x08000ba0   0x00000150   Code   RO         2276    i.HAL_ADC_ConfigChannel  stm32f4xx_hal_adc.o
    0x08000cf0   0x00000002   Code   RO         2277    i.HAL_ADC_ConvCpltCallback  stm32f4xx_hal_adc.o
    0x08000cf2   0x00000002   Code   RO         2278    i.HAL_ADC_ConvHalfCpltCallback  stm32f4xx_hal_adc.o
    0x08000cf4   0x00000002   Code   RO         2280    i.HAL_ADC_ErrorCallback  stm32f4xx_hal_adc.o
    0x08000cf6   0x00000054   Code   RO         2285    i.HAL_ADC_Init      stm32f4xx_hal_adc.o
    0x08000d4a   0x00000002   PAD
    0x08000d4c   0x0000007c   Code   RO          384    i.HAL_ADC_MspInit   stm32f4xx_hal_msp.o
    0x08000dc8   0x000000fc   Code   RO         2292    i.HAL_ADC_Start_DMA  stm32f4xx_hal_adc.o
    0x08000ec4   0x000001a8   Code   RO         1616    i.HAL_DMA_IRQHandler  stm32f4xx_hal_dma.o
    0x0800106c   0x000000d0   Code   RO         1617    i.HAL_DMA_Init      stm32f4xx_hal_dma.o
    0x0800113c   0x00000078   Code   RO         1621    i.HAL_DMA_Start_IT  stm32f4xx_hal_dma.o
    0x080011b4   0x00000016   Code   RO         1751    i.HAL_Delay         stm32f4xx_hal.o
    0x080011ca   0x00000002   PAD
    0x080011cc   0x00000014   Code   RO         3780    i.HAL_FLASH_Lock    stm32f4xx_hal_flash.o
    0x080011e0   0x0000007c   Code   RO         3785    i.HAL_FLASH_Program  stm32f4xx_hal_flash.o
    0x0800125c   0x00000028   Code   RO         3787    i.HAL_FLASH_Unlock  stm32f4xx_hal_flash.o
    0x08001284   0x000001c0   Code   RO         1422    i.HAL_GPIO_Init     stm32f4xx_hal_gpio.o
    0x08001444   0x0000000a   Code   RO         1424    i.HAL_GPIO_ReadPin  stm32f4xx_hal_gpio.o
    0x0800144e   0x00000002   PAD
    0x08001450   0x0000000c   Code   RO         1757    i.HAL_GetTick       stm32f4xx_hal.o
    0x0800145c   0x00000108   Code   RO         3918    i.HAL_I2C_Init      stm32f4xx_hal_i2c.o
    0x08001564   0x0000006c   Code   RO          386    i.HAL_I2C_MspInit   stm32f4xx_hal_msp.o
    0x080015d0   0x00000010   Code   RO         1758    i.HAL_IncTick       stm32f4xx_hal.o
    0x080015e0   0x00000034   Code   RO         1759    i.HAL_Init          stm32f4xx_hal.o
    0x08001614   0x00000028   Code   RO         1760    i.HAL_InitTick      stm32f4xx_hal.o
    0x0800163c   0x00000058   Code   RO          387    i.HAL_MspInit       stm32f4xx_hal_msp.o
    0x08001694   0x00000016   Code   RO         2444    i.HAL_NVIC_EnableIRQ  stm32f4xx_hal_cortex.o
    0x080016aa   0x00000002   PAD
    0x080016ac   0x00000040   Code   RO         2450    i.HAL_NVIC_SetPriority  stm32f4xx_hal_cortex.o
    0x080016ec   0x00000024   Code   RO         2451    i.HAL_NVIC_SetPriorityGrouping  stm32f4xx_hal_cortex.o
    0x08001710   0x00000008   Code   RO         1714    i.HAL_PCDEx_SetRxFiFo  stm32f4xx_hal_pcd_ex.o
    0x08001718   0x00000044   Code   RO         1715    i.HAL_PCDEx_SetTxFiFo  stm32f4xx_hal_pcd_ex.o
    0x0800175c   0x00000008   Code   RO          536    i.HAL_PCD_ConnectCallback  usbd_conf.o
    0x08001764   0x00000012   Code   RO          537    i.HAL_PCD_DataInStageCallback  usbd_conf.o
    0x08001776   0x00000014   Code   RO          538    i.HAL_PCD_DataOutStageCallback  usbd_conf.o
    0x0800178a   0x00000008   Code   RO          539    i.HAL_PCD_DisconnectCallback  usbd_conf.o
    0x08001792   0x00000044   Code   RO         2065    i.HAL_PCD_EP_Close  stm32f4xx_hal_pcd.o
    0x080017d6   0x00000050   Code   RO         2066    i.HAL_PCD_EP_ClrStall  stm32f4xx_hal_pcd.o
    0x08001826   0x00000054   Code   RO         2069    i.HAL_PCD_EP_Open   stm32f4xx_hal_pcd.o
    0x0800187a   0x00000002   PAD
    0x0800187c   0x0000005e   Code   RO         2070    i.HAL_PCD_EP_Receive  stm32f4xx_hal_pcd.o
    0x080018da   0x00000060   Code   RO         2071    i.HAL_PCD_EP_SetStall  stm32f4xx_hal_pcd.o
    0x0800193a   0x00000056   Code   RO         2072    i.HAL_PCD_EP_Transmit  stm32f4xx_hal_pcd.o
    0x08001990   0x000003fe   Code   RO         2074    i.HAL_PCD_IRQHandler  stm32f4xx_hal_pcd.o
    0x08001d8e   0x00000008   Code   RO          540    i.HAL_PCD_ISOINIncompleteCallback  usbd_conf.o
    0x08001d96   0x00000008   Code   RO          541    i.HAL_PCD_ISOOUTIncompleteCallback  usbd_conf.o
    0x08001d9e   0x00000002   PAD
    0x08001da0   0x000000be   Code   RO         2077    i.HAL_PCD_Init      stm32f4xx_hal_pcd.o
    0x08001e5e   0x00000002   PAD
    0x08001e60   0x00000064   Code   RO          543    i.HAL_PCD_MspInit   usbd_conf.o
    0x08001ec4   0x00000020   Code   RO          544    i.HAL_PCD_ResetCallback  usbd_conf.o
    0x08001ee4   0x00000008   Code   RO          545    i.HAL_PCD_ResumeCallback  usbd_conf.o
    0x08001eec   0x00000008   Code   RO          546    i.HAL_PCD_SOFCallback  usbd_conf.o
    0x08001ef4   0x00000024   Code   RO         2083    i.HAL_PCD_SetAddress  stm32f4xx_hal_pcd.o
    0x08001f18   0x0000000e   Code   RO          547    i.HAL_PCD_SetupStageCallback  usbd_conf.o
    0x08001f26   0x0000002a   Code   RO         2085    i.HAL_PCD_Start     stm32f4xx_hal_pcd.o
    0x08001f50   0x00000030   Code   RO          548    i.HAL_PCD_SuspendCallback  usbd_conf.o
    0x08001f80   0x0000017c   Code   RO         1486    i.HAL_RCC_ClockConfig  stm32f4xx_hal_rcc.o
    0x080020fc   0x0000000c   Code   RO         1491    i.HAL_RCC_GetHCLKFreq  stm32f4xx_hal_rcc.o
    0x08002108   0x00000030   Code   RO         1493    i.HAL_RCC_GetPCLK1Freq  stm32f4xx_hal_rcc.o
    0x08002138   0x00000070   Code   RO         1495    i.HAL_RCC_GetSysClockFreq  stm32f4xx_hal_rcc.o
    0x080021a8   0x000002e4   Code   RO         1498    i.HAL_RCC_OscConfig  stm32f4xx_hal_rcc.o
    0x0800248c   0x00000080   Code   RO         4311    i.HAL_SPI_Init      stm32f4xx_hal_spi.o
    0x0800250c   0x00000084   Code   RO          389    i.HAL_SPI_MspInit   stm32f4xx_hal_msp.o
    0x08002590   0x00000018   Code   RO         2453    i.HAL_SYSTICK_CLKSourceConfig  stm32f4xx_hal_cortex.o
    0x080025a8   0x00000002   Code   RO         2454    i.HAL_SYSTICK_Callback  stm32f4xx_hal_cortex.o
    0x080025aa   0x00000028   Code   RO         2455    i.HAL_SYSTICK_Config  stm32f4xx_hal_cortex.o
    0x080025d2   0x00000008   Code   RO         2456    i.HAL_SYSTICK_IRQHandler  stm32f4xx_hal_cortex.o
    0x080025da   0x00000050   Code   RO         3266    i.HAL_TIMEx_MasterConfigSynchronization  stm32f4xx_hal_tim_ex.o
    0x0800262a   0x00000036   Code   RO         2566    i.HAL_TIM_Base_Init  stm32f4xx_hal_tim.o
    0x08002660   0x00000040   Code   RO          391    i.HAL_TIM_Base_MspInit  stm32f4xx_hal_msp.o
    0x080026a0   0x000000f2   Code   RO         2575    i.HAL_TIM_ConfigClockSource  stm32f4xx_hal_tim.o
    0x08002792   0x00000002   PAD
    0x08002794   0x00000068   Code   RO          392    i.HAL_TIM_MspPostInit  stm32f4xx_hal_msp.o
    0x080027fc   0x00000056   Code   RO         2609    i.HAL_TIM_OC_ConfigChannel  stm32f4xx_hal_tim.o
    0x08002852   0x00000036   Code   RO         2613    i.HAL_TIM_OC_Init   stm32f4xx_hal_tim.o
    0x08002888   0x00000002   Code   RO         2615    i.HAL_TIM_OC_MspInit  stm32f4xx_hal_tim.o
    0x0800288a   0x000000d0   Code   RO         2632    i.HAL_TIM_PWM_ConfigChannel  stm32f4xx_hal_tim.o
    0x0800295a   0x00000036   Code   RO         2635    i.HAL_TIM_PWM_Init  stm32f4xx_hal_tim.o
    0x08002990   0x00000002   Code   RO         2637    i.HAL_TIM_PWM_MspInit  stm32f4xx_hal_tim.o
    0x08002992   0x00000002   Code   RO          250    i.HardFault_Handler  stm32f4xx_it.o
    0x08002994   0x000000cc   Code   RO          463    i.MX_ADC1_Init      main.o
    0x08002a60   0x000000d8   Code   RO          464    i.MX_GPIO_Init      main.o
    0x08002b38   0x00000040   Code   RO          465    i.MX_SPI1_Init      main.o
    0x08002b78   0x00000040   Code   RO          466    i.MX_SPI3_Init      main.o
    0x08002bb8   0x0000009c   Code   RO          467    i.MX_TIM3_Init      main.o
    0x08002c54   0x000000ac   Code   RO          468    i.MX_TIM4_Init      main.o
    0x08002d00   0x00000038   Code   RO          725    i.MX_USB_DEVICE_Init  usb_device.o
    0x08002d38   0x00000002   Code   RO          251    i.MemManage_Handler  stm32f4xx_it.o
    0x08002d3a   0x00000002   Code   RO          252    i.NMI_Handler       stm32f4xx_it.o
    0x08002d3c   0x00000020   Code   RO         2457    i.NVIC_SetPriority  stm32f4xx_hal_cortex.o
    0x08002d5c   0x0000000c   Code   RO          253    i.OTG_FS_IRQHandler  stm32f4xx_it.o
    0x08002d68   0x00000088   Code   RO         2088    i.PCD_WriteEmptyTxFifo  stm32f4xx_hal_pcd.o
    0x08002df0   0x00000002   Code   RO          254    i.PendSV_Handler    stm32f4xx_it.o
    0x08002df2   0x00000002   Code   RO          255    i.SVC_Handler       stm32f4xx_it.o
    0x08002df4   0x00000012   Code   RO          256    i.SysTick_Handler   stm32f4xx_it.o
    0x08002e06   0x00000002   PAD
    0x08002e08   0x000000a0   Code   RO          469    i.SystemClock_Config  main.o
    0x08002ea8   0x00000054   Code   RO            5    i.SystemInit        system_stm32f4xx.o
    0x08002efc   0x000000c0   Code   RO         2650    i.TIM_Base_SetConfig  stm32f4xx_hal_tim.o
    0x08002fbc   0x00000014   Code   RO         2657    i.TIM_ETR_SetConfig  stm32f4xx_hal_tim.o
    0x08002fd0   0x00000010   Code   RO         2658    i.TIM_ITRx_SetConfig  stm32f4xx_hal_tim.o
    0x08002fe0   0x00000058   Code   RO         2659    i.TIM_OC1_SetConfig  stm32f4xx_hal_tim.o
    0x08003038   0x00000064   Code   RO         2660    i.TIM_OC2_SetConfig  stm32f4xx_hal_tim.o
    0x0800309c   0x00000060   Code   RO         2661    i.TIM_OC3_SetConfig  stm32f4xx_hal_tim.o
    0x080030fc   0x00000050   Code   RO         2662    i.TIM_OC4_SetConfig  stm32f4xx_hal_tim.o
    0x0800314c   0x00000022   Code   RO         2664    i.TIM_TI1_ConfigInputStage  stm32f4xx_hal_tim.o
    0x0800316e   0x00000024   Code   RO         2666    i.TIM_TI2_ConfigInputStage  stm32f4xx_hal_tim.o
    0x08003192   0x0000000c   Code   RO         1138    i.USBD_CUSTOM_HID_DataIn  usbd_customhid.o
    0x0800319e   0x00000024   Code   RO         1139    i.USBD_CUSTOM_HID_DataOut  usbd_customhid.o
    0x080031c2   0x00000032   Code   RO         1140    i.USBD_CUSTOM_HID_DeInit  usbd_customhid.o
    0x080031f4   0x00000022   Code   RO         1141    i.USBD_CUSTOM_HID_EP0_RxReady  usbd_customhid.o
    0x08003216   0x00000002   PAD
    0x08003218   0x0000000c   Code   RO         1142    i.USBD_CUSTOM_HID_GetCfgDesc  usbd_customhid.o
    0x08003224   0x0000000c   Code   RO         1143    i.USBD_CUSTOM_HID_GetDeviceQualifierDesc  usbd_customhid.o
    0x08003230   0x0000004a   Code   RO         1144    i.USBD_CUSTOM_HID_Init  usbd_customhid.o
    0x0800327a   0x00000010   Code   RO         1145    i.USBD_CUSTOM_HID_RegisterInterface  usbd_customhid.o
    0x0800328a   0x00000024   Code   RO         1146    i.USBD_CUSTOM_HID_SendReport  usbd_customhid.o
    0x080032ae   0x00000002   PAD
    0x080032b0   0x000000b8   Code   RO         1147    i.USBD_CUSTOM_HID_Setup  usbd_customhid.o
    0x08003368   0x0000000e   Code   RO         1000    i.USBD_ClrClassConfig  usbd_core.o
    0x08003376   0x00000010   Code   RO          940    i.USBD_CtlContinueRx  usbd_ioreq.o
    0x08003386   0x00000010   Code   RO          941    i.USBD_CtlContinueSendData  usbd_ioreq.o
    0x08003396   0x00000016   Code   RO          875    i.USBD_CtlError     usbd_ctlreq.o
    0x080033ac   0x0000001e   Code   RO          942    i.USBD_CtlPrepareRx  usbd_ioreq.o
    0x080033ca   0x00000016   Code   RO          943    i.USBD_CtlReceiveStatus  usbd_ioreq.o
    0x080033e0   0x0000001a   Code   RO          944    i.USBD_CtlSendData  usbd_ioreq.o
    0x080033fa   0x00000016   Code   RO          945    i.USBD_CtlSendStatus  usbd_ioreq.o
    0x08003410   0x00000028   Code   RO          154    i.USBD_FS_ConfigStrDescriptor  usbd_desc.o
    0x08003438   0x0000000c   Code   RO          155    i.USBD_FS_DeviceDescriptor  usbd_desc.o
    0x08003444   0x0000002c   Code   RO          156    i.USBD_FS_InterfaceStrDescriptor  usbd_desc.o
    0x08003470   0x0000000c   Code   RO          157    i.USBD_FS_LangIDStrDescriptor  usbd_desc.o
    0x0800347c   0x00000028   Code   RO          158    i.USBD_FS_ManufacturerStrDescriptor  usbd_desc.o
    0x080034a4   0x00000028   Code   RO          159    i.USBD_FS_ProductStrDescriptor  usbd_desc.o
    0x080034cc   0x00000024   Code   RO          160    i.USBD_FS_SerialStrDescriptor  usbd_desc.o
    0x080034f0   0x000000f2   Code   RO          876    i.USBD_GetDescriptor  usbd_ctlreq.o
    0x080035e2   0x00000046   Code   RO          877    i.USBD_GetString    usbd_ctlreq.o
    0x08003628   0x0000002a   Code   RO         1002    i.USBD_Init         usbd_core.o
    0x08003652   0x0000000e   Code   RO          549    i.USBD_LL_ClearStallEP  usbd_conf.o
    0x08003660   0x0000000e   Code   RO          550    i.USBD_LL_CloseEP   usbd_conf.o
    0x0800366e   0x000000aa   Code   RO         1003    i.USBD_LL_DataInStage  usbd_core.o
    0x08003718   0x0000006a   Code   RO         1004    i.USBD_LL_DataOutStage  usbd_core.o
    0x08003782   0x00000004   Code   RO         1005    i.USBD_LL_DevConnected  usbd_core.o
    0x08003786   0x00000016   Code   RO         1006    i.USBD_LL_DevDisconnected  usbd_core.o
    0x0800379c   0x00000060   Code   RO          555    i.USBD_LL_Init      usbd_conf.o
    0x080037fc   0x00000020   Code   RO          556    i.USBD_LL_IsStallEP  usbd_conf.o
    0x0800381c   0x00000004   Code   RO         1007    i.USBD_LL_IsoINIncomplete  usbd_core.o
    0x08003820   0x00000004   Code   RO         1008    i.USBD_LL_IsoOUTIncomplete  usbd_core.o
    0x08003824   0x00000014   Code   RO          557    i.USBD_LL_OpenEP    usbd_conf.o
    0x08003838   0x0000000e   Code   RO          558    i.USBD_LL_PrepareReceive  usbd_conf.o
    0x08003846   0x0000003e   Code   RO         1009    i.USBD_LL_Reset     usbd_core.o
    0x08003884   0x0000000c   Code   RO         1010    i.USBD_LL_Resume    usbd_core.o
    0x08003890   0x00000018   Code   RO         1011    i.USBD_LL_SOF       usbd_core.o
    0x080038a8   0x00000006   Code   RO         1012    i.USBD_LL_SetSpeed  usbd_core.o
    0x080038ae   0x0000000e   Code   RO          559    i.USBD_LL_SetUSBAddress  usbd_conf.o
    0x080038bc   0x0000005a   Code   RO         1013    i.USBD_LL_SetupStage  usbd_core.o
    0x08003916   0x0000000e   Code   RO          560    i.USBD_LL_StallEP   usbd_conf.o
    0x08003924   0x0000000e   Code   RO          561    i.USBD_LL_Start     usbd_conf.o
    0x08003932   0x00000012   Code   RO         1014    i.USBD_LL_Suspend   usbd_core.o
    0x08003944   0x0000000e   Code   RO          563    i.USBD_LL_Transmit  usbd_conf.o
    0x08003952   0x00000028   Code   RO          878    i.USBD_ParseSetupRequest  usbd_ctlreq.o
    0x0800397a   0x00000010   Code   RO         1015    i.USBD_RegisterClass  usbd_core.o
    0x0800398a   0x00000016   Code   RO         1017    i.USBD_SetClassConfig  usbd_core.o
    0x080039a0   0x00000074   Code   RO          879    i.USBD_SetConfig    usbd_ctlreq.o
    0x08003a14   0x0000000a   Code   RO         1018    i.USBD_Start        usbd_core.o
    0x08003a1e   0x000000f2   Code   RO          880    i.USBD_StdDevReq    usbd_ctlreq.o
    0x08003b10   0x000000dc   Code   RO          881    i.USBD_StdEPReq     usbd_ctlreq.o
    0x08003bec   0x00000034   Code   RO          882    i.USBD_StdItfReq    usbd_ctlreq.o
    0x08003c20   0x00000080   Code   RO         3489    i.USB_ActivateEndpoint  stm32f4xx_ll_usb.o
    0x08003ca0   0x00000034   Code   RO         3490    i.USB_ActivateSetup  stm32f4xx_ll_usb.o
    0x08003cd4   0x00000064   Code   RO         3492    i.USB_CoreInit      stm32f4xx_ll_usb.o
    0x08003d38   0x00000038   Code   RO         3493    i.USB_CoreReset     stm32f4xx_ll_usb.o
    0x08003d70   0x0000006e   Code   RO         3495    i.USB_DeactivateEndpoint  stm32f4xx_ll_usb.o
    0x08003dde   0x00000018   Code   RO         3496    i.USB_DevConnect    stm32f4xx_ll_usb.o
    0x08003df6   0x00000018   Code   RO         3497    i.USB_DevDisconnect  stm32f4xx_ll_usb.o
    0x08003e0e   0x00000002   PAD
    0x08003e10   0x00000144   Code   RO         3498    i.USB_DevInit       stm32f4xx_ll_usb.o
    0x08003f54   0x0000000c   Code   RO         3499    i.USB_DisableGlobalInt  stm32f4xx_ll_usb.o
    0x08003f60   0x00000140   Code   RO         3502    i.USB_EP0StartXfer  stm32f4xx_ll_usb.o
    0x080040a0   0x0000003e   Code   RO         3503    i.USB_EP0_OutStart  stm32f4xx_ll_usb.o
    0x080040de   0x00000064   Code   RO         3504    i.USB_EPClearStall  stm32f4xx_ll_usb.o
    0x08004142   0x0000005e   Code   RO         3505    i.USB_EPSetStall    stm32f4xx_ll_usb.o
    0x080041a0   0x0000021c   Code   RO         3506    i.USB_EPStartXfer   stm32f4xx_ll_usb.o
    0x080043bc   0x0000000c   Code   RO         3507    i.USB_EnableGlobalInt  stm32f4xx_ll_usb.o
    0x080043c8   0x00000020   Code   RO         3508    i.USB_FlushRxFifo   stm32f4xx_ll_usb.o
    0x080043e8   0x00000024   Code   RO         3509    i.USB_FlushTxFifo   stm32f4xx_ll_usb.o
    0x0800440c   0x0000003c   Code   RO         3511    i.USB_GetDevSpeed   stm32f4xx_ll_usb.o
    0x08004448   0x00000008   Code   RO         3513    i.USB_GetMode       stm32f4xx_ll_usb.o
    0x08004450   0x0000000e   Code   RO         3520    i.USB_ReadDevAllInEpInterrupt  stm32f4xx_ll_usb.o
    0x0800445e   0x0000000e   Code   RO         3521    i.USB_ReadDevAllOutEpInterrupt  stm32f4xx_ll_usb.o
    0x0800446c   0x0000001e   Code   RO         3522    i.USB_ReadDevInEPInterrupt  stm32f4xx_ll_usb.o
    0x0800448a   0x00000010   Code   RO         3523    i.USB_ReadDevOutEPInterrupt  stm32f4xx_ll_usb.o
    0x0800449a   0x00000008   Code   RO         3524    i.USB_ReadInterrupts  stm32f4xx_ll_usb.o
    0x080044a2   0x00000020   Code   RO         3525    i.USB_ReadPacket    stm32f4xx_ll_usb.o
    0x080044c2   0x0000002c   Code   RO         3527    i.USB_SetCurrentMode  stm32f4xx_ll_usb.o
    0x080044ee   0x00000022   Code   RO         3528    i.USB_SetDevAddress  stm32f4xx_ll_usb.o
    0x08004510   0x00000028   Code   RO         3532    i.USB_WritePacket   stm32f4xx_ll_usb.o
    0x08004538   0x00000002   Code   RO          257    i.UsageFault_Handler  stm32f4xx_it.o
    0x0800453a   0x0000000e   Code   RO         4649    i.__scatterload_copy  mc_w.l(handlers.o)
    0x08004548   0x00000002   Code   RO         4650    i.__scatterload_null  mc_w.l(handlers.o)
    0x0800454a   0x0000000e   Code   RO         4651    i.__scatterload_zeroinit  mc_w.l(handlers.o)
    0x08004558   0x00000050   Code   RO         4576    i.free              mc_w.l(malloc.o)
    0x080045a8   0x000000a8   Code   RO          470    i.main              main.o
    0x08004650   0x0000006c   Code   RO         4577    i.malloc            mc_w.l(malloc.o)
    0x080046bc   0x00000034   Code   RO          763    i.simCon_axesToReport  simcon.o
    0x080046f0   0x00000024   Code   RO          764    i.simCon_button     simcon.o
    0x08004714   0x00000274   Code   RO          765    i.simCon_calculateAxes  simcon.o
    0x08004988   0x00000074   Code   RO          766    i.simCon_diagnosticToReport  simcon.o
    0x080049fc   0x000000c4   Code   RO          767    i.simCon_flashRead  simcon.o
    0x08004ac0   0x000000fc   Code   RO          768    i.simCon_flashSave  simcon.o
    0x08004bbc   0x00000028   Code   RO          769    i.simCon_init       simcon.o
    0x08004be4   0x00000068   Code   RO          770    i.simCon_loadDefaults  simcon.o
    0x08004c4c   0x00000020   Code   RO          771    i.simCon_otherToReport  simcon.o
    0x08004c6c   0x00000024   Code   RO          772    i.simCon_readButtons  simcon.o
    0x08004c90   0x000000e8   Code   RO          773    i.simCon_readFromHost  simcon.o
    0x08004d78   0x00000050   Code   RO          774    i.simCon_sysTickHandler  simcon.o
    0x08004dc8   0x0000002c   Code   RO          775    i.simCon_writeFiveBytes  simcon.o
    0x08004df4   0x00000010   Data   RO         1499    .constdata          stm32f4xx_hal_rcc.o
    0x08004e04   0x00000008   Data   RO         1623    .constdata          stm32f4xx_hal_dma.o
    0x08004e0c   0x00000020   Data   RO         4647    Region$$Table       anon$$obj.o


    Execution Region RW_IRAM1 (Base: 0x20000000, Size: 0x000012a8, Max: 0x00020000, ABSOLUTE, COMPRESSED[0x000000e4])

    Base Addr    Size         Type   Attr      Idx    E Section Name        Object

    0x20000000   0x00000004   Data   RW            7    .data               system_stm32f4xx.o
    0x20000004   0x0000001c   Data   RW          162    .data               usbd_desc.o
    0x20000020   0x00000016   Data   RW          163    .data               usbd_desc.o
    0x20000036   0x00000002   PAD
    0x20000038   0x00000056   Data   RW          341    .data               usbd_custom_hid_if.o
    0x2000008e   0x00000002   PAD
    0x20000090   0x00000010   Data   RW          342    .data               usbd_custom_hid_if.o
    0x200000a0   0x0000000d   Data   RW          777    .data               simcon.o
    0x200000ad   0x00000001   Data   RW          883    .data               usbd_ctlreq.o
    0x200000ae   0x00000002   PAD
    0x200000b0   0x0000003c   Data   RW         1148    .data               usbd_customhid.o
    0x200000ec   0x00000042   Data   RW         1149    .data               usbd_customhid.o
    0x2000012e   0x00000002   PAD
    0x20000130   0x00000004   Data   RW         1765    .data               stm32f4xx_hal.o
    0x20000134   0x00000004   Data   RW         4640    .data               mc_w.l(mvars.o)
    0x20000138   0x00000004   Data   RW         4641    .data               mc_w.l(mvars.o)
    0x2000013c   0x00000200   Zero   RW          161    .bss                usbd_desc.o
    0x2000033c   0x00000218   Zero   RW          471    .bss                main.o
    0x20000554   0x00000060   Zero   RW          472    .bss                main.o
    0x200005b4   0x000003b8   Zero   RW          564    .bss                usbd_conf.o
    0x2000096c   0x00000224   Zero   RW          726    .bss                usb_device.o
    0x20000b90   0x000000f6   Zero   RW          776    .bss                simcon.o
    0x20000c86   0x00000002   PAD
    0x20000c88   0x00000020   Zero   RW         3788    .bss                stm32f4xx_hal_flash.o
    0x20000ca8   0x00000200   Zero   RW         1213    HEAP                startup_stm32f407xx.o
    0x20000ea8   0x00000400   Zero   RW         1212    STACK               startup_stm32f407xx.o


==============================================================================

Image component sizes


      Code (inc. data)   RO Data    RW Data    ZI Data      Debug   Object Name

      1206        106          0          0        632       6862   main.o
      1848        132          0         13        246      10620   simcon.o
        36          8        392          0       1536        804   startup_stm32f407xx.o
       142         22          0          4          0       4203   stm32f4xx_hal.o
      1116         46          0          0          0       7245   stm32f4xx_hal_adc.o
       228         14          0          0          0      32149   stm32f4xx_hal_cortex.o
       916         22          8          0          0       5843   stm32f4xx_hal_dma.o
       552         66          0          0         32       6658   stm32f4xx_hal_flash.o
        88          4          0          0          0        741   stm32f4xx_hal_flash_ex.o
       458         50          0          0          0       2527   stm32f4xx_hal_gpio.o
       264         10          0          0          0       2983   stm32f4xx_hal_i2c.o
       620         92          0          0          0       4389   stm32f4xx_hal_msp.o
      1934          0          0          0          0      10645   stm32f4xx_hal_pcd.o
        76          0          0          0          0       1852   stm32f4xx_hal_pcd_ex.o
      1292         62         16          0          0       5316   stm32f4xx_hal_rcc.o
       128          0          0          0          0       1215   stm32f4xx_hal_spi.o
      1364         80          0          0          0      13288   stm32f4xx_hal_tim.o
        80          0          0          0          0       1292   stm32f4xx_hal_tim_ex.o
        58         12          0          0          0       5076   stm32f4xx_it.o
      2326         52          0          0          0      20240   stm32f4xx_ll_usb.o
        84         18          0          4          0     345437   system_stm32f4xx.o
        56         18          0          0        548        720   usb_device.o
       526         16          0          0        952      13218   usbd_conf.o
       626          0          0          0          0      12026   usbd_core.o
      1004         30          0          1          0       8016   usbd_ctlreq.o
        18          0          0        102          0       3494   usbd_custom_hid_if.o
       466         24          0        126          0       9667   usbd_customhid.o
       224        128          0         50        512       9579   usbd_desc.o
       132          0          0          0          0       4516   usbd_ioreq.o

    ----------------------------------------------------------------------
     17892       1012        448        308       4460     550621   Object Totals
         0          0         32          0          0          0   (incl. Generated)
        24          0          0          8          2          0   (incl. Padding)

    ----------------------------------------------------------------------

      Code (inc. data)   RO Data    RW Data    ZI Data      Debug   Library Member Name

        86          0          0          0          0          0   __dczerorl2.o
         0          0          0          0          0          0   entry.o
         0          0          0          0          0          0   entry10a.o
         0          0          0          0          0          0   entry11a.o
         8          4          0          0          0          0   entry2.o
         4          0          0          0          0          0   entry5.o
         0          0          0          0          0          0   entry7b.o
         0          0          0          0          0          0   entry8b.o
         8          4          0          0          0          0   entry9a.o
        30          0          0          0          0          0   handlers.o
        36          8          0          0          0         68   init.o
         0          0          0          0          0          0   iusefp.o
        30          0          0          0          0         68   llshl.o
        36          0          0          0          0         68   llsshr.o
        32          0          0          0          0         68   llushr.o
       188         20          0          0          0        160   malloc.o
        36          0          0          0          0         68   memcpya.o
         0          0          0          8          0          0   mvars.o
        48          0          0          0          0         68   cdcmple.o
        48          0          0          0          0         68   cdrcmple.o
       334          0          0          0          0        148   dadd.o
       222          0          0          0          0        100   ddiv.o
       186          0          0          0          0        176   depilogue.o
        50          0          0          0          0         76   dfixui.o
        34          0          0          0          0         76   dflti.o
        26          0          0          0          0         76   dfltui.o
       228          0          0          0          0         96   dmul.o

    ----------------------------------------------------------------------
      1672         36          0          8          0       1384   Library Totals
         2          0          0          0          0          0   (incl. Padding)

    ----------------------------------------------------------------------

      Code (inc. data)   RO Data    RW Data    ZI Data      Debug   Library Name

       494         36          0          8          0        500   mc_w.l
      1176          0          0          0          0        884   mf_w.l

    ----------------------------------------------------------------------
      1672         36          0          8          0       1384   Library Totals

    ----------------------------------------------------------------------

==============================================================================


      Code (inc. data)   RO Data    RW Data    ZI Data      Debug   

     19564       1048        448        316       4460     530161   Grand Totals
     19564       1048        448        228       4460     530161   ELF Image Totals (compressed)
     19564       1048        448        228          0          0   ROM Totals

==============================================================================

    Total RO  Size (Code + RO Data)                20012 (  19.54kB)
    Total RW  Size (RW Data + ZI Data)              4776 (   4.66kB)
    Total ROM Size (Code + RO Data + RW Data)      20240 (  19.77kB)

==============================================================================

